Archive member included to satisfy reference by file (symbol)

/opt/Atollic_TrueSTUDIO_for_STM32_x86_64_9.2.0/ARMTools/bin/../lib/gcc/arm-atollic-eabi/6.3.1/../../../../arm-atollic-eabi/lib/armv6-m/libc_nano.a(lib_a-init.o)
                              HAL/CMSIS/startup_stm32f091.o (__libc_init_array)
/opt/Atollic_TrueSTUDIO_for_STM32_x86_64_9.2.0/ARMTools/bin/../lib/gcc/arm-atollic-eabi/6.3.1/../../../../arm-atollic-eabi/lib/armv6-m/libc_nano.a(lib_a-memset.o)
                              HAL/Libs/Serial/Serial.o (memset)
/opt/Atollic_TrueSTUDIO_for_STM32_x86_64_9.2.0/ARMTools/bin/../lib/gcc/arm-atollic-eabi/6.3.1/../../../../arm-atollic-eabi/lib/armv6-m/libc_nano.a(lib_a-strlen.o)
                              HAL/Libs/Serial/Serial.o (strlen)
/opt/Atollic_TrueSTUDIO_for_STM32_x86_64_9.2.0/ARMTools/bin/../lib/gcc/arm-atollic-eabi/6.3.1/armv6-m/libgcc.a(_thumb1_case_uqi.o)
                              HAL/Drivers/stm32f0xx_rcc.o (__gnu_thumb1_case_uqi)
/opt/Atollic_TrueSTUDIO_for_STM32_x86_64_9.2.0/ARMTools/bin/../lib/gcc/arm-atollic-eabi/6.3.1/armv6-m/libgcc.a(_udivsi3.o)
                              App/main.o (__aeabi_uidiv)
/opt/Atollic_TrueSTUDIO_for_STM32_x86_64_9.2.0/ARMTools/bin/../lib/gcc/arm-atollic-eabi/6.3.1/armv6-m/libgcc.a(_dvmd_tls.o)
                              /opt/Atollic_TrueSTUDIO_for_STM32_x86_64_9.2.0/ARMTools/bin/../lib/gcc/arm-atollic-eabi/6.3.1/armv6-m/libgcc.a(_udivsi3.o) (__aeabi_idiv0)

Allocating common symbols
Common symbol       size              file

u8GSMTxBuffer       0x1000            HAL/Board/Board.o
u32MSTick           0x4               HAL/Drivers/stm32f0xx_it.o
u8DebugTxBuffer     0x100             HAL/Board/Board.o
u8GSMRxBuffer       0x1000            HAL/Board/Board.o
sSerialPort         0x48              HAL/Libs/Serial/Serial.o
u8DebugRxBuffer     0x100             HAL/Board/Board.o
u32SecTick          0x4               HAL/Drivers/stm32f0xx_it.o

Discarded input sections

 .text          0x0000000000000000        0x0 /opt/Atollic_TrueSTUDIO_for_STM32_x86_64_9.2.0/ARMTools/bin/../lib/gcc/arm-atollic-eabi/6.3.1/armv6-m/crti.o
 .data          0x0000000000000000        0x0 /opt/Atollic_TrueSTUDIO_for_STM32_x86_64_9.2.0/ARMTools/bin/../lib/gcc/arm-atollic-eabi/6.3.1/armv6-m/crti.o
 .bss           0x0000000000000000        0x0 /opt/Atollic_TrueSTUDIO_for_STM32_x86_64_9.2.0/ARMTools/bin/../lib/gcc/arm-atollic-eabi/6.3.1/armv6-m/crti.o
 .data          0x0000000000000000        0x4 /opt/Atollic_TrueSTUDIO_for_STM32_x86_64_9.2.0/ARMTools/bin/../lib/gcc/arm-atollic-eabi/6.3.1/armv6-m/crtbegin.o
 .text          0x0000000000000000       0x6c App/main.o
 .data          0x0000000000000000        0x0 App/main.o
 .bss           0x0000000000000000        0x0 App/main.o
 .data          0x0000000000000000        0x0 HAL/Board/Board.o
 .bss           0x0000000000000000        0x0 HAL/Board/Board.o
 .text          0x0000000000000000       0x14 HAL/CMSIS/startup_stm32f091.o
 .data          0x0000000000000000        0x0 HAL/CMSIS/startup_stm32f091.o
 .bss           0x0000000000000000        0x0 HAL/CMSIS/startup_stm32f091.o
 .bss           0x0000000000000000        0x0 HAL/CMSIS/system_stm32f0xx.o
 .text          0x0000000000000000      0x28c HAL/Drivers/stm32f0xx_adc.o
 .data          0x0000000000000000        0x0 HAL/Drivers/stm32f0xx_adc.o
 .bss           0x0000000000000000        0x0 HAL/Drivers/stm32f0xx_adc.o
 .debug_info    0x0000000000000000      0x933 HAL/Drivers/stm32f0xx_adc.o
 .debug_abbrev  0x0000000000000000      0x20a HAL/Drivers/stm32f0xx_adc.o
 .debug_loc     0x0000000000000000      0x3e4 HAL/Drivers/stm32f0xx_adc.o
 .debug_aranges
                0x0000000000000000       0x20 HAL/Drivers/stm32f0xx_adc.o
 .debug_line    0x0000000000000000      0x32b HAL/Drivers/stm32f0xx_adc.o
 .debug_str     0x0000000000000000      0x610 HAL/Drivers/stm32f0xx_adc.o
 .comment       0x0000000000000000       0x7d HAL/Drivers/stm32f0xx_adc.o
 .debug_frame   0x0000000000000000      0x200 HAL/Drivers/stm32f0xx_adc.o
 .ARM.attributes
                0x0000000000000000       0x31 HAL/Drivers/stm32f0xx_adc.o
 .text          0x0000000000000000      0x5c4 HAL/Drivers/stm32f0xx_flash.o
 .data          0x0000000000000000        0x0 HAL/Drivers/stm32f0xx_flash.o
 .bss           0x0000000000000000        0x0 HAL/Drivers/stm32f0xx_flash.o
 .debug_info    0x0000000000000000      0xb8b HAL/Drivers/stm32f0xx_flash.o
 .debug_abbrev  0x0000000000000000      0x250 HAL/Drivers/stm32f0xx_flash.o
 .debug_loc     0x0000000000000000      0x97a HAL/Drivers/stm32f0xx_flash.o
 .debug_aranges
                0x0000000000000000       0x20 HAL/Drivers/stm32f0xx_flash.o
 .debug_line    0x0000000000000000      0x3cd HAL/Drivers/stm32f0xx_flash.o
 .debug_str     0x0000000000000000      0x602 HAL/Drivers/stm32f0xx_flash.o
 .comment       0x0000000000000000       0x7d HAL/Drivers/stm32f0xx_flash.o
 .debug_frame   0x0000000000000000      0x2d4 HAL/Drivers/stm32f0xx_flash.o
 .ARM.attributes
                0x0000000000000000       0x31 HAL/Drivers/stm32f0xx_flash.o
 .data          0x0000000000000000        0x0 HAL/Drivers/stm32f0xx_gpio.o
 .bss           0x0000000000000000        0x0 HAL/Drivers/stm32f0xx_gpio.o
 .data          0x0000000000000000        0x0 HAL/Drivers/stm32f0xx_it.o
 .bss           0x0000000000000000        0x0 HAL/Drivers/stm32f0xx_it.o
 .text          0x0000000000000000       0x64 HAL/Drivers/stm32f0xx_iwdg.o
 .data          0x0000000000000000        0x0 HAL/Drivers/stm32f0xx_iwdg.o
 .bss           0x0000000000000000        0x0 HAL/Drivers/stm32f0xx_iwdg.o
 .debug_info    0x0000000000000000      0x241 HAL/Drivers/stm32f0xx_iwdg.o
 .debug_abbrev  0x0000000000000000      0x13b HAL/Drivers/stm32f0xx_iwdg.o
 .debug_loc     0x0000000000000000       0x4b HAL/Drivers/stm32f0xx_iwdg.o
 .debug_aranges
                0x0000000000000000       0x20 HAL/Drivers/stm32f0xx_iwdg.o
 .debug_line    0x0000000000000000      0x1e4 HAL/Drivers/stm32f0xx_iwdg.o
 .debug_str     0x0000000000000000      0x2a8 HAL/Drivers/stm32f0xx_iwdg.o
 .comment       0x0000000000000000       0x7d HAL/Drivers/stm32f0xx_iwdg.o
 .debug_frame   0x0000000000000000       0x80 HAL/Drivers/stm32f0xx_iwdg.o
 .ARM.attributes
                0x0000000000000000       0x31 HAL/Drivers/stm32f0xx_iwdg.o
 .text          0x0000000000000000       0x8c HAL/Drivers/stm32f0xx_misc.o
 .data          0x0000000000000000        0x0 HAL/Drivers/stm32f0xx_misc.o
 .bss           0x0000000000000000        0x0 HAL/Drivers/stm32f0xx_misc.o
 .debug_info    0x0000000000000000      0x390 HAL/Drivers/stm32f0xx_misc.o
 .debug_abbrev  0x0000000000000000      0x14f HAL/Drivers/stm32f0xx_misc.o
 .debug_loc     0x0000000000000000       0xb3 HAL/Drivers/stm32f0xx_misc.o
 .debug_aranges
                0x0000000000000000       0x20 HAL/Drivers/stm32f0xx_misc.o
 .debug_line    0x0000000000000000      0x1f2 HAL/Drivers/stm32f0xx_misc.o
 .debug_str     0x0000000000000000      0x32a HAL/Drivers/stm32f0xx_misc.o
 .comment       0x0000000000000000       0x7d HAL/Drivers/stm32f0xx_misc.o
 .debug_frame   0x0000000000000000       0x50 HAL/Drivers/stm32f0xx_misc.o
 .ARM.attributes
                0x0000000000000000       0x31 HAL/Drivers/stm32f0xx_misc.o
 .text          0x0000000000000000      0x128 HAL/Drivers/stm32f0xx_pwr.o
 .data          0x0000000000000000        0x0 HAL/Drivers/stm32f0xx_pwr.o
 .bss           0x0000000000000000        0x0 HAL/Drivers/stm32f0xx_pwr.o
 .debug_info    0x0000000000000000      0x46e HAL/Drivers/stm32f0xx_pwr.o
 .debug_abbrev  0x0000000000000000      0x1be HAL/Drivers/stm32f0xx_pwr.o
 .debug_loc     0x0000000000000000      0x192 HAL/Drivers/stm32f0xx_pwr.o
 .debug_aranges
                0x0000000000000000       0x20 HAL/Drivers/stm32f0xx_pwr.o
 .debug_line    0x0000000000000000      0x2aa HAL/Drivers/stm32f0xx_pwr.o
 .debug_str     0x0000000000000000      0x36c HAL/Drivers/stm32f0xx_pwr.o
 .comment       0x0000000000000000       0x7d HAL/Drivers/stm32f0xx_pwr.o
 .debug_frame   0x0000000000000000       0xc0 HAL/Drivers/stm32f0xx_pwr.o
 .ARM.attributes
                0x0000000000000000       0x31 HAL/Drivers/stm32f0xx_pwr.o
 .bss           0x0000000000000000        0x0 HAL/Drivers/stm32f0xx_rcc.o
 .text          0x0000000000000000      0xa1c HAL/Drivers/stm32f0xx_rtc.o
 .data          0x0000000000000000        0x0 HAL/Drivers/stm32f0xx_rtc.o
 .bss           0x0000000000000000        0x0 HAL/Drivers/stm32f0xx_rtc.o
 .debug_info    0x0000000000000000     0x120a HAL/Drivers/stm32f0xx_rtc.o
 .debug_abbrev  0x0000000000000000      0x23e HAL/Drivers/stm32f0xx_rtc.o
 .debug_loc     0x0000000000000000      0xe3c HAL/Drivers/stm32f0xx_rtc.o
 .debug_aranges
                0x0000000000000000       0x20 HAL/Drivers/stm32f0xx_rtc.o
 .debug_line    0x0000000000000000      0x667 HAL/Drivers/stm32f0xx_rtc.o
 .debug_str     0x0000000000000000      0xa7b HAL/Drivers/stm32f0xx_rtc.o
 .comment       0x0000000000000000       0x7d HAL/Drivers/stm32f0xx_rtc.o
 .debug_frame   0x0000000000000000      0x470 HAL/Drivers/stm32f0xx_rtc.o
 .ARM.attributes
                0x0000000000000000       0x31 HAL/Drivers/stm32f0xx_rtc.o
 .text          0x0000000000000000      0x32c HAL/Drivers/stm32f0xx_spi.o
 .data          0x0000000000000000        0x0 HAL/Drivers/stm32f0xx_spi.o
 .bss           0x0000000000000000        0x0 HAL/Drivers/stm32f0xx_spi.o
 .debug_info    0x0000000000000000      0xb8d HAL/Drivers/stm32f0xx_spi.o
 .debug_abbrev  0x0000000000000000      0x1e4 HAL/Drivers/stm32f0xx_spi.o
 .debug_loc     0x0000000000000000      0x6ce HAL/Drivers/stm32f0xx_spi.o
 .debug_aranges
                0x0000000000000000       0x20 HAL/Drivers/stm32f0xx_spi.o
 .debug_line    0x0000000000000000      0x382 HAL/Drivers/stm32f0xx_spi.o
 .debug_str     0x0000000000000000      0x7ab HAL/Drivers/stm32f0xx_spi.o
 .comment       0x0000000000000000       0x7d HAL/Drivers/stm32f0xx_spi.o
 .debug_frame   0x0000000000000000      0x22c HAL/Drivers/stm32f0xx_spi.o
 .ARM.attributes
                0x0000000000000000       0x31 HAL/Drivers/stm32f0xx_spi.o
 .text          0x0000000000000000       0xd8 HAL/Drivers/stm32f0xx_syscfg.o
 .data          0x0000000000000000        0x0 HAL/Drivers/stm32f0xx_syscfg.o
 .bss           0x0000000000000000        0x0 HAL/Drivers/stm32f0xx_syscfg.o
 .debug_info    0x0000000000000000      0x35e HAL/Drivers/stm32f0xx_syscfg.o
 .debug_abbrev  0x0000000000000000      0x1a9 HAL/Drivers/stm32f0xx_syscfg.o
 .debug_loc     0x0000000000000000      0x1a1 HAL/Drivers/stm32f0xx_syscfg.o
 .debug_aranges
                0x0000000000000000       0x20 HAL/Drivers/stm32f0xx_syscfg.o
 .debug_line    0x0000000000000000      0x207 HAL/Drivers/stm32f0xx_syscfg.o
 .debug_str     0x0000000000000000      0x3ac HAL/Drivers/stm32f0xx_syscfg.o
 .comment       0x0000000000000000       0x7d HAL/Drivers/stm32f0xx_syscfg.o
 .debug_frame   0x0000000000000000       0xc8 HAL/Drivers/stm32f0xx_syscfg.o
 .ARM.attributes
                0x0000000000000000       0x31 HAL/Drivers/stm32f0xx_syscfg.o
 .text          0x0000000000000000      0x9f8 HAL/Drivers/stm32f0xx_tim.o
 .data          0x0000000000000000        0x0 HAL/Drivers/stm32f0xx_tim.o
 .bss           0x0000000000000000        0x0 HAL/Drivers/stm32f0xx_tim.o
 .debug_info    0x0000000000000000     0x203a HAL/Drivers/stm32f0xx_tim.o
 .debug_abbrev  0x0000000000000000      0x299 HAL/Drivers/stm32f0xx_tim.o
 .debug_loc     0x0000000000000000     0x19e7 HAL/Drivers/stm32f0xx_tim.o
 .debug_aranges
                0x0000000000000000       0x20 HAL/Drivers/stm32f0xx_tim.o
 .debug_ranges  0x0000000000000000       0x40 HAL/Drivers/stm32f0xx_tim.o
 .debug_line    0x0000000000000000      0x739 HAL/Drivers/stm32f0xx_tim.o
 .debug_str     0x0000000000000000      0xe40 HAL/Drivers/stm32f0xx_tim.o
 .comment       0x0000000000000000       0x7d HAL/Drivers/stm32f0xx_tim.o
 .debug_frame   0x0000000000000000      0x69c HAL/Drivers/stm32f0xx_tim.o
 .ARM.attributes
                0x0000000000000000       0x31 HAL/Drivers/stm32f0xx_tim.o
 .data          0x0000000000000000        0x0 HAL/Drivers/stm32f0xx_usart.o
 .bss           0x0000000000000000        0x0 HAL/Drivers/stm32f0xx_usart.o
 .bss           0x0000000000000000        0x0 HAL/Libs/IOPin/IOPin.o
 .bss           0x0000000000000000        0x0 HAL/Libs/Serial/Serial.o
 .text          0x0000000000000000        0x0 /opt/Atollic_TrueSTUDIO_for_STM32_x86_64_9.2.0/ARMTools/bin/../lib/gcc/arm-atollic-eabi/6.3.1/../../../../arm-atollic-eabi/lib/armv6-m/libc_nano.a(lib_a-init.o)
 .data          0x0000000000000000        0x0 /opt/Atollic_TrueSTUDIO_for_STM32_x86_64_9.2.0/ARMTools/bin/../lib/gcc/arm-atollic-eabi/6.3.1/../../../../arm-atollic-eabi/lib/armv6-m/libc_nano.a(lib_a-init.o)
 .bss           0x0000000000000000        0x0 /opt/Atollic_TrueSTUDIO_for_STM32_x86_64_9.2.0/ARMTools/bin/../lib/gcc/arm-atollic-eabi/6.3.1/../../../../arm-atollic-eabi/lib/armv6-m/libc_nano.a(lib_a-init.o)
 .text          0x0000000000000000        0x0 /opt/Atollic_TrueSTUDIO_for_STM32_x86_64_9.2.0/ARMTools/bin/../lib/gcc/arm-atollic-eabi/6.3.1/../../../../arm-atollic-eabi/lib/armv6-m/libc_nano.a(lib_a-memset.o)
 .data          0x0000000000000000        0x0 /opt/Atollic_TrueSTUDIO_for_STM32_x86_64_9.2.0/ARMTools/bin/../lib/gcc/arm-atollic-eabi/6.3.1/../../../../arm-atollic-eabi/lib/armv6-m/libc_nano.a(lib_a-memset.o)
 .bss           0x0000000000000000        0x0 /opt/Atollic_TrueSTUDIO_for_STM32_x86_64_9.2.0/ARMTools/bin/../lib/gcc/arm-atollic-eabi/6.3.1/../../../../arm-atollic-eabi/lib/armv6-m/libc_nano.a(lib_a-memset.o)
 .data          0x0000000000000000        0x0 /opt/Atollic_TrueSTUDIO_for_STM32_x86_64_9.2.0/ARMTools/bin/../lib/gcc/arm-atollic-eabi/6.3.1/../../../../arm-atollic-eabi/lib/armv6-m/libc_nano.a(lib_a-strlen.o)
 .bss           0x0000000000000000        0x0 /opt/Atollic_TrueSTUDIO_for_STM32_x86_64_9.2.0/ARMTools/bin/../lib/gcc/arm-atollic-eabi/6.3.1/../../../../arm-atollic-eabi/lib/armv6-m/libc_nano.a(lib_a-strlen.o)
 .data          0x0000000000000000        0x0 /opt/Atollic_TrueSTUDIO_for_STM32_x86_64_9.2.0/ARMTools/bin/../lib/gcc/arm-atollic-eabi/6.3.1/armv6-m/libgcc.a(_thumb1_case_uqi.o)
 .bss           0x0000000000000000        0x0 /opt/Atollic_TrueSTUDIO_for_STM32_x86_64_9.2.0/ARMTools/bin/../lib/gcc/arm-atollic-eabi/6.3.1/armv6-m/libgcc.a(_thumb1_case_uqi.o)
 .data          0x0000000000000000        0x0 /opt/Atollic_TrueSTUDIO_for_STM32_x86_64_9.2.0/ARMTools/bin/../lib/gcc/arm-atollic-eabi/6.3.1/armv6-m/libgcc.a(_udivsi3.o)
 .bss           0x0000000000000000        0x0 /opt/Atollic_TrueSTUDIO_for_STM32_x86_64_9.2.0/ARMTools/bin/../lib/gcc/arm-atollic-eabi/6.3.1/armv6-m/libgcc.a(_udivsi3.o)
 .data          0x0000000000000000        0x0 /opt/Atollic_TrueSTUDIO_for_STM32_x86_64_9.2.0/ARMTools/bin/../lib/gcc/arm-atollic-eabi/6.3.1/armv6-m/libgcc.a(_dvmd_tls.o)
 .bss           0x0000000000000000        0x0 /opt/Atollic_TrueSTUDIO_for_STM32_x86_64_9.2.0/ARMTools/bin/../lib/gcc/arm-atollic-eabi/6.3.1/armv6-m/libgcc.a(_dvmd_tls.o)
 .text          0x0000000000000000        0x0 /opt/Atollic_TrueSTUDIO_for_STM32_x86_64_9.2.0/ARMTools/bin/../lib/gcc/arm-atollic-eabi/6.3.1/armv6-m/crtend.o
 .data          0x0000000000000000        0x0 /opt/Atollic_TrueSTUDIO_for_STM32_x86_64_9.2.0/ARMTools/bin/../lib/gcc/arm-atollic-eabi/6.3.1/armv6-m/crtend.o
 .bss           0x0000000000000000        0x0 /opt/Atollic_TrueSTUDIO_for_STM32_x86_64_9.2.0/ARMTools/bin/../lib/gcc/arm-atollic-eabi/6.3.1/armv6-m/crtend.o
 .eh_frame      0x0000000000000000        0x4 /opt/Atollic_TrueSTUDIO_for_STM32_x86_64_9.2.0/ARMTools/bin/../lib/gcc/arm-atollic-eabi/6.3.1/armv6-m/crtend.o
 .ARM.attributes
                0x0000000000000000       0x2c /opt/Atollic_TrueSTUDIO_for_STM32_x86_64_9.2.0/ARMTools/bin/../lib/gcc/arm-atollic-eabi/6.3.1/armv6-m/crtend.o
 .text          0x0000000000000000        0x0 /opt/Atollic_TrueSTUDIO_for_STM32_x86_64_9.2.0/ARMTools/bin/../lib/gcc/arm-atollic-eabi/6.3.1/armv6-m/crtn.o
 .data          0x0000000000000000        0x0 /opt/Atollic_TrueSTUDIO_for_STM32_x86_64_9.2.0/ARMTools/bin/../lib/gcc/arm-atollic-eabi/6.3.1/armv6-m/crtn.o
 .bss           0x0000000000000000        0x0 /opt/Atollic_TrueSTUDIO_for_STM32_x86_64_9.2.0/ARMTools/bin/../lib/gcc/arm-atollic-eabi/6.3.1/armv6-m/crtn.o

Memory Configuration

Name             Origin             Length             Attributes
FLASH            0x0000000008000000 0x0000000000040000 xr
RAM              0x0000000020000000 0x0000000000008000 xrw
MEMORY_B1        0x0000000060000000 0x0000000000000000 xr
*default*        0x0000000000000000 0xffffffffffffffff

Linker script and memory map

LOAD /opt/Atollic_TrueSTUDIO_for_STM32_x86_64_9.2.0/ARMTools/bin/../lib/gcc/arm-atollic-eabi/6.3.1/armv6-m/crti.o
LOAD /opt/Atollic_TrueSTUDIO_for_STM32_x86_64_9.2.0/ARMTools/bin/../lib/gcc/arm-atollic-eabi/6.3.1/armv6-m/crtbegin.o
LOAD App/main.o
LOAD HAL/Board/Board.o
LOAD HAL/CMSIS/startup_stm32f091.o
LOAD HAL/CMSIS/system_stm32f0xx.o
LOAD HAL/Drivers/stm32f0xx_adc.o
LOAD HAL/Drivers/stm32f0xx_flash.o
LOAD HAL/Drivers/stm32f0xx_gpio.o
LOAD HAL/Drivers/stm32f0xx_it.o
LOAD HAL/Drivers/stm32f0xx_iwdg.o
LOAD HAL/Drivers/stm32f0xx_misc.o
LOAD HAL/Drivers/stm32f0xx_pwr.o
LOAD HAL/Drivers/stm32f0xx_rcc.o
LOAD HAL/Drivers/stm32f0xx_rtc.o
LOAD HAL/Drivers/stm32f0xx_spi.o
LOAD HAL/Drivers/stm32f0xx_syscfg.o
LOAD HAL/Drivers/stm32f0xx_tim.o
LOAD HAL/Drivers/stm32f0xx_usart.o
LOAD HAL/Libs/IOPin/IOPin.o
LOAD HAL/Libs/Serial/Serial.o
                0x0000000000000080                malloc_getpagesize_P = 0x80
START GROUP
LOAD /opt/Atollic_TrueSTUDIO_for_STM32_x86_64_9.2.0/ARMTools/bin/../lib/gcc/arm-atollic-eabi/6.3.1/../../../../arm-atollic-eabi/lib/armv6-m/libc_nano.a
LOAD /opt/Atollic_TrueSTUDIO_for_STM32_x86_64_9.2.0/ARMTools/bin/../lib/gcc/arm-atollic-eabi/6.3.1/../../../../arm-atollic-eabi/lib/armv6-m/libm.a
END GROUP
START GROUP
LOAD /opt/Atollic_TrueSTUDIO_for_STM32_x86_64_9.2.0/ARMTools/bin/../lib/gcc/arm-atollic-eabi/6.3.1/armv6-m/libgcc.a
LOAD /opt/Atollic_TrueSTUDIO_for_STM32_x86_64_9.2.0/ARMTools/bin/../lib/gcc/arm-atollic-eabi/6.3.1/../../../../arm-atollic-eabi/lib/armv6-m/libc_nano.a
END GROUP
START GROUP
LOAD /opt/Atollic_TrueSTUDIO_for_STM32_x86_64_9.2.0/ARMTools/bin/../lib/gcc/arm-atollic-eabi/6.3.1/armv6-m/libgcc.a
LOAD /opt/Atollic_TrueSTUDIO_for_STM32_x86_64_9.2.0/ARMTools/bin/../lib/gcc/arm-atollic-eabi/6.3.1/../../../../arm-atollic-eabi/lib/armv6-m/libc_nano.a
LOAD /opt/Atollic_TrueSTUDIO_for_STM32_x86_64_9.2.0/ARMTools/bin/../lib/gcc/arm-atollic-eabi/6.3.1/../../../../arm-atollic-eabi/lib/armv6-m/libnosys.a
END GROUP
START GROUP
LOAD /opt/Atollic_TrueSTUDIO_for_STM32_x86_64_9.2.0/ARMTools/bin/../lib/gcc/arm-atollic-eabi/6.3.1/armv6-m/libgcc.a
LOAD /opt/Atollic_TrueSTUDIO_for_STM32_x86_64_9.2.0/ARMTools/bin/../lib/gcc/arm-atollic-eabi/6.3.1/../../../../arm-atollic-eabi/lib/armv6-m/libc_nano.a
LOAD /opt/Atollic_TrueSTUDIO_for_STM32_x86_64_9.2.0/ARMTools/bin/../lib/gcc/arm-atollic-eabi/6.3.1/../../../../arm-atollic-eabi/lib/armv6-m/libnosys.a
END GROUP
LOAD /opt/Atollic_TrueSTUDIO_for_STM32_x86_64_9.2.0/ARMTools/bin/../lib/gcc/arm-atollic-eabi/6.3.1/armv6-m/crtend.o
LOAD /opt/Atollic_TrueSTUDIO_for_STM32_x86_64_9.2.0/ARMTools/bin/../lib/gcc/arm-atollic-eabi/6.3.1/armv6-m/crtn.o
                0x0000000020008000                _estack = 0x20008000
                0x0000000000000000                _Min_Heap_Size = 0x0
                0x0000000000000100                _Min_Stack_Size = 0x100

.isr_vector     0x0000000008000000       0xbc
                0x0000000008000000                . = ALIGN (0x4)
 *(.isr_vector)
 .isr_vector    0x0000000008000000       0xbc HAL/CMSIS/startup_stm32f091.o
                0x0000000008000000                g_pfnVectors
                0x00000000080000bc                . = ALIGN (0x4)

.text           0x00000000080000bc     0x17b8
                0x00000000080000bc                . = ALIGN (0x4)
 *(.text)
 .text          0x00000000080000bc       0x48 /opt/Atollic_TrueSTUDIO_for_STM32_x86_64_9.2.0/ARMTools/bin/../lib/gcc/arm-atollic-eabi/6.3.1/armv6-m/crtbegin.o
 .text          0x0000000008000104       0x3c HAL/Board/Board.o
                0x0000000008000104                Board_Init
 .text          0x0000000008000140      0x15c HAL/CMSIS/system_stm32f0xx.o
                0x0000000008000140                SystemInit
                0x0000000008000238                SystemCoreClockUpdate
 .text          0x000000000800029c      0x1c0 HAL/Drivers/stm32f0xx_gpio.o
                0x000000000800029c                GPIO_DeInit
                0x0000000008000348                GPIO_Init
                0x00000000080003c0                GPIO_StructInit
                0x00000000080003d8                GPIO_PinLockConfig
                0x00000000080003fc                GPIO_ReadInputDataBit
                0x0000000008000408                GPIO_ReadInputData
                0x000000000800040e                GPIO_ReadOutputDataBit
                0x000000000800041a                GPIO_ReadOutputData
                0x0000000008000420                GPIO_SetBits
                0x0000000008000424                GPIO_ResetBits
                0x0000000008000428                GPIO_WriteBit
                0x0000000008000434                GPIO_Write
                0x0000000008000438                GPIO_PinAFConfig
 .text          0x000000000800045c       0xd8 HAL/Drivers/stm32f0xx_it.o
                0x000000000800045c                NMI_Handler
                0x000000000800045e                HardFault_Handler
                0x0000000008000460                SVC_Handler
                0x0000000008000462                PendSV_Handler
                0x0000000008000464                SysTick_Handler
                0x0000000008000490                USART1_IRQHandler
                0x00000000080004cc                USART3_8_IRQHandler
 .text          0x0000000008000534      0x608 HAL/Drivers/stm32f0xx_rcc.o
                0x0000000008000534                RCC_DeInit
                0x0000000008000594                RCC_HSEConfig
                0x00000000080005a4                RCC_AdjustHSICalibrationValue
                0x00000000080005b8                RCC_HSICmd
                0x00000000080005d4                RCC_AdjustHSI14CalibrationValue
                0x00000000080005e8                RCC_HSI14Cmd
                0x0000000008000604                RCC_HSI14ADCRequestCmd
                0x0000000008000620                RCC_LSEConfig
                0x0000000008000640                RCC_LSEDriveConfig
                0x0000000008000658                RCC_LSICmd
                0x0000000008000674                RCC_PLLConfig
                0x0000000008000694                RCC_PLLCmd
                0x00000000080006b8                RCC_HSI48Cmd
                0x00000000080006dc                RCC_PREDIV1Config
                0x00000000080006f0                RCC_ClockSecuritySystemCmd
                0x0000000008000714                RCC_MCOConfig
                0x000000000800072c                RCC_SYSCLKConfig
                0x0000000008000740                RCC_GetSYSCLKSource
                0x0000000008000750                RCC_HCLKConfig
                0x0000000008000764                RCC_PCLKConfig
                0x000000000800077c                RCC_ADCCLKConfig
                0x00000000080007ac                RCC_CECCLKConfig
                0x00000000080007c4                RCC_I2CCLKConfig
                0x00000000080007dc                RCC_USARTCLKConfig
                0x0000000008000814                RCC_USBCLKConfig
                0x000000000800082c                RCC_GetClocksFreq
                0x00000000080009b0                RCC_RTCCLKConfig
                0x00000000080009c0                RCC_RTCCLKCmd
                0x00000000080009e4                RCC_BackupResetCmd
                0x0000000008000a08                RCC_AHBPeriphClockCmd
                0x0000000008000a20                RCC_APB2PeriphClockCmd
                0x0000000008000a38                RCC_APB1PeriphClockCmd
                0x0000000008000a50                RCC_AHBPeriphResetCmd
                0x0000000008000a68                RCC_APB2PeriphResetCmd
                0x0000000008000a80                RCC_APB1PeriphResetCmd
                0x0000000008000a98                RCC_ITConfig
                0x0000000008000ab0                RCC_GetFlagStatus
                0x0000000008000adc                RCC_WaitForHSEStartUp
                0x0000000008000b0a                RCC_ClearFlag
                0x0000000008000b1c                RCC_GetITStatus
                0x0000000008000b30                RCC_ClearITPendingBit
 .text          0x0000000008000b3c      0x598 HAL/Drivers/stm32f0xx_usart.o
                0x0000000008000b3c                USART_DeInit
                0x0000000008000c1c                USART_Init
                0x0000000008000cd4                USART_StructInit
                0x0000000008000cea                USART_ClockInit
                0x0000000008000d0c                USART_ClockStructInit
                0x0000000008000d18                USART_Cmd
                0x0000000008000d2c                USART_DirectionModeCmd
                0x0000000008000d3e                USART_OverSampling8Cmd
                0x0000000008000d5c                USART_OneBitMethodCmd
                0x0000000008000d78                USART_MSBFirstCmd
                0x0000000008000d94                USART_DataInvCmd
                0x0000000008000db0                USART_InvPinCmd
                0x0000000008000dc2                USART_SWAPPinCmd
                0x0000000008000de0                USART_ReceiverTimeOutCmd
                0x0000000008000dfc                USART_SetReceiverTimeOut
                0x0000000008000e0c                USART_SetPrescaler
                0x0000000008000e1c                USART_STOPModeCmd
                0x0000000008000e30                USART_StopModeWakeUpSourceConfig
                0x0000000008000e44                USART_AutoBaudRateCmd
                0x0000000008000e60                USART_AutoBaudRateConfig
                0x0000000008000e74                USART_SendData
                0x0000000008000e7c                USART_ReceiveData
                0x0000000008000e84                USART_SetAddress
                0x0000000008000e96                USART_MuteModeCmd
                0x0000000008000eb4                USART_MuteModeWakeUpConfig
                0x0000000008000ec8                USART_AddressDetectionConfig
                0x0000000008000ed8                USART_LINBreakDetectLengthConfig
                0x0000000008000ee8                USART_LINCmd
                0x0000000008000f04                USART_HalfDuplexCmd
                0x0000000008000f18                USART_SetGuardTime
                0x0000000008000f28                USART_SmartCardCmd
                0x0000000008000f3c                USART_SmartCardNACKCmd
                0x0000000008000f50                USART_SetAutoRetryCount
                0x0000000008000f68                USART_SetBlockLength
                0x0000000008000f7a                USART_IrDAConfig
                0x0000000008000f8a                USART_IrDACmd
                0x0000000008000f9e                USART_DECmd
                0x0000000008000fbc                USART_DEPolarityConfig
                0x0000000008000fd0                USART_SetDEAssertionTime
                0x0000000008000fe8                USART_SetDEDeassertionTime
                0x0000000008001000                USART_DMACmd
                0x0000000008001012                USART_DMAReceptionErrorConfig
                0x0000000008001028                USART_ITConfig
                0x0000000008001056                USART_RequestCmd
                0x000000000800106a                USART_OverrunDetectionConfig
                0x0000000008001080                USART_GetFlagStatus
                0x000000000800108c                USART_ClearFlag
                0x0000000008001090                USART_GetITStatus
                0x00000000080010c8                USART_ClearITPendingBit
 .text          0x00000000080010d4      0x114 HAL/Libs/IOPin/IOPin.o
                0x00000000080010d4                IO_Init
                0x000000000800119c                IO_SetOutputPin
                0x00000000080011b4                IO_ResetOutputPin
                0x00000000080011cc                IO_GetInputPinState
 .text          0x00000000080011e8      0x420 HAL/Libs/Serial/Serial.o
                0x00000000080011e8                Serial_Init
                0x000000000800127c                Serial_InitBuffer
                0x000000000800132c                Serial_Write
                0x00000000080013c8                Serial_WriteByte
                0x00000000080013da                Serial_WriteString
                0x00000000080013f2                Serial_TxGetByte
                0x0000000008001450                Serial_TxGetCount
                0x0000000008001490                Serial_TxCallback
                0x00000000080014f0                Serial_RxPutByte
                0x0000000008001544                Serial_RxCallback
                0x000000000800154c                Serial_RxGetCount
                0x0000000008001590                Serial_ReadByte
                0x00000000080015d0                Serial_Read
 .text          0x0000000008001608        0xe /opt/Atollic_TrueSTUDIO_for_STM32_x86_64_9.2.0/ARMTools/bin/../lib/gcc/arm-atollic-eabi/6.3.1/../../../../arm-atollic-eabi/lib/armv6-m/libc_nano.a(lib_a-strlen.o)
                0x0000000008001608                strlen
 *fill*         0x0000000008001616        0x2 
 .text          0x0000000008001618       0x14 /opt/Atollic_TrueSTUDIO_for_STM32_x86_64_9.2.0/ARMTools/bin/../lib/gcc/arm-atollic-eabi/6.3.1/armv6-m/libgcc.a(_thumb1_case_uqi.o)
                0x0000000008001618                __gnu_thumb1_case_uqi
 .text          0x000000000800162c      0x114 /opt/Atollic_TrueSTUDIO_for_STM32_x86_64_9.2.0/ARMTools/bin/../lib/gcc/arm-atollic-eabi/6.3.1/armv6-m/libgcc.a(_udivsi3.o)
                0x000000000800162c                __udivsi3
                0x000000000800162c                __aeabi_uidiv
                0x0000000008001738                __aeabi_uidivmod
 .text          0x0000000008001740        0x4 /opt/Atollic_TrueSTUDIO_for_STM32_x86_64_9.2.0/ARMTools/bin/../lib/gcc/arm-atollic-eabi/6.3.1/armv6-m/libgcc.a(_dvmd_tls.o)
                0x0000000008001740                __aeabi_ldiv0
                0x0000000008001740                __aeabi_idiv0
 *(.text*)
 .text.startup  0x0000000008001744       0x4c App/main.o
                0x0000000008001744                main
 .text.Reset_Handler
                0x0000000008001790       0x70 HAL/CMSIS/startup_stm32f091.o
                0x0000000008001790                Reset_Handler
 .text.Default_Handler
                0x0000000008001800        0x2 HAL/CMSIS/startup_stm32f091.o
                0x0000000008001800                TIM1_CC_IRQHandler
                0x0000000008001800                TSC_IRQHandler
                0x0000000008001800                ADC1_COMP_IRQHandler
                0x0000000008001800                I2C1_IRQHandler
                0x0000000008001800                RCC_CRS_IRQHandler
                0x0000000008001800                SPI1_IRQHandler
                0x0000000008001800                TIM6_DAC_IRQHandler
                0x0000000008001800                DMA1_Ch1_IRQHandler
                0x0000000008001800                EXTI2_3_IRQHandler
                0x0000000008001800                I2C2_IRQHandler
                0x0000000008001800                TIM17_IRQHandler
                0x0000000008001800                CEC_CAN_IRQHandler
                0x0000000008001800                RTC_IRQHandler
                0x0000000008001800                PVD_VDDIO2_IRQHandler
                0x0000000008001800                TIM16_IRQHandler
                0x0000000008001800                TIM3_IRQHandler
                0x0000000008001800                EXTI4_15_IRQHandler
                0x0000000008001800                Default_Handler
                0x0000000008001800                TIM14_IRQHandler
                0x0000000008001800                TIM7_IRQHandler
                0x0000000008001800                TIM15_IRQHandler
                0x0000000008001800                EXTI0_1_IRQHandler
                0x0000000008001800                SPI2_IRQHandler
                0x0000000008001800                DMA1_Ch2_3_DMA2_Ch1_2_IRQHandler
                0x0000000008001800                DMA1_Ch4_7_DMA2_Ch3_5_IRQHandler
                0x0000000008001800                WWDG_IRQHandler
                0x0000000008001800                TIM2_IRQHandler
                0x0000000008001800                USART2_IRQHandler
                0x0000000008001800                FLASH_IRQHandler
                0x0000000008001800                TIM1_BRK_UP_TRG_COM_IRQHandler
 *fill*         0x0000000008001802        0x2 
 .text.__libc_init_array
                0x0000000008001804       0x48 /opt/Atollic_TrueSTUDIO_for_STM32_x86_64_9.2.0/ARMTools/bin/../lib/gcc/arm-atollic-eabi/6.3.1/../../../../arm-atollic-eabi/lib/armv6-m/libc_nano.a(lib_a-init.o)
                0x0000000008001804                __libc_init_array
 .text.memset   0x000000000800184c       0x10 /opt/Atollic_TrueSTUDIO_for_STM32_x86_64_9.2.0/ARMTools/bin/../lib/gcc/arm-atollic-eabi/6.3.1/../../../../arm-atollic-eabi/lib/armv6-m/libc_nano.a(lib_a-memset.o)
                0x000000000800184c                memset
 *(.glue_7)
 .glue_7        0x000000000800185c        0x0 linker stubs
 *(.glue_7t)
 .glue_7t       0x000000000800185c        0x0 linker stubs
 *(.eh_frame)
 .eh_frame      0x000000000800185c        0x0 /opt/Atollic_TrueSTUDIO_for_STM32_x86_64_9.2.0/ARMTools/bin/../lib/gcc/arm-atollic-eabi/6.3.1/armv6-m/crtbegin.o
 *(.init)
 .init          0x000000000800185c        0x4 /opt/Atollic_TrueSTUDIO_for_STM32_x86_64_9.2.0/ARMTools/bin/../lib/gcc/arm-atollic-eabi/6.3.1/armv6-m/crti.o
                0x000000000800185c                _init
 .init          0x0000000008001860        0x8 /opt/Atollic_TrueSTUDIO_for_STM32_x86_64_9.2.0/ARMTools/bin/../lib/gcc/arm-atollic-eabi/6.3.1/armv6-m/crtn.o
 *(.fini)
 .fini          0x0000000008001868        0x4 /opt/Atollic_TrueSTUDIO_for_STM32_x86_64_9.2.0/ARMTools/bin/../lib/gcc/arm-atollic-eabi/6.3.1/armv6-m/crti.o
                0x0000000008001868                _fini
 .fini          0x000000000800186c        0x8 /opt/Atollic_TrueSTUDIO_for_STM32_x86_64_9.2.0/ARMTools/bin/../lib/gcc/arm-atollic-eabi/6.3.1/armv6-m/crtn.o
                0x0000000008001874                . = ALIGN (0x4)
                0x0000000008001874                _etext = .

.vfp11_veneer   0x0000000008001874        0x0
 .vfp11_veneer  0x0000000008001874        0x0 linker stubs

.v4_bx          0x0000000008001874        0x0
 .v4_bx         0x0000000008001874        0x0 linker stubs

.iplt           0x0000000008001874        0x0
 .iplt          0x0000000008001874        0x0 /opt/Atollic_TrueSTUDIO_for_STM32_x86_64_9.2.0/ARMTools/bin/../lib/gcc/arm-atollic-eabi/6.3.1/armv6-m/crtbegin.o

.rodata         0x0000000008001874       0x84
                0x0000000008001874                . = ALIGN (0x4)
 *(.rodata)
 .rodata        0x0000000008001874       0x82 HAL/Libs/IOPin/IOPin.o
                0x0000000008001874                sPinConfig
 *(.rodata*)
                0x00000000080018f8                . = ALIGN (0x4)
 *fill*         0x00000000080018f6        0x2 

.rel.dyn        0x00000000080018f8        0x0
 .rel.iplt      0x00000000080018f8        0x0 /opt/Atollic_TrueSTUDIO_for_STM32_x86_64_9.2.0/ARMTools/bin/../lib/gcc/arm-atollic-eabi/6.3.1/armv6-m/crtbegin.o

.ARM.extab
 *(.ARM.extab* .gnu.linkonce.armextab.*)

.ARM            0x00000000080018f8        0x0
                0x00000000080018f8                __exidx_start = .
 *(.ARM.exidx*)
                0x00000000080018f8                __exidx_end = .

.preinit_array  0x00000000080018f8        0x0
                0x00000000080018f8                PROVIDE (__preinit_array_start, .)
 *(.preinit_array*)
                0x00000000080018f8                PROVIDE (__preinit_array_end, .)

.init_array     0x00000000080018f8        0x4
                0x00000000080018f8                PROVIDE (__init_array_start, .)
 *(SORT(.init_array.*))
 *(.init_array*)
 .init_array    0x00000000080018f8        0x4 /opt/Atollic_TrueSTUDIO_for_STM32_x86_64_9.2.0/ARMTools/bin/../lib/gcc/arm-atollic-eabi/6.3.1/armv6-m/crtbegin.o
                0x00000000080018fc                PROVIDE (__init_array_end, .)

.fini_array     0x00000000080018fc        0x4
                [!provide]                        PROVIDE (__fini_array_start, .)
 *(SORT(.fini_array.*))
 *(.fini_array*)
 .fini_array    0x00000000080018fc        0x4 /opt/Atollic_TrueSTUDIO_for_STM32_x86_64_9.2.0/ARMTools/bin/../lib/gcc/arm-atollic-eabi/6.3.1/armv6-m/crtbegin.o
                [!provide]                        PROVIDE (__fini_array_end, .)
                0x0000000008001900                _sidata = LOADADDR (.data)

.data           0x0000000020000000       0x44 load address 0x0000000008001900
                0x0000000020000000                . = ALIGN (0x4)
                0x0000000020000000                _sdata = .
 *(.data)
 .data          0x0000000020000000       0x14 HAL/CMSIS/system_stm32f0xx.o
                0x0000000020000000                SystemCoreClock
                0x0000000020000004                AHBPrescTable
 .data          0x0000000020000014       0x10 HAL/Drivers/stm32f0xx_rcc.o
 .data          0x0000000020000024       0x14 HAL/Libs/IOPin/IOPin.o
                0x0000000020000024                pPort
 .data          0x0000000020000038        0xc HAL/Libs/Serial/Serial.o
                0x0000000020000038                pUSARTPorts
 *(.data*)
                0x0000000020000044                . = ALIGN (0x4)
                0x0000000020000044                _edata = .

.igot.plt       0x0000000020000044        0x0 load address 0x0000000008001944
 .igot.plt      0x0000000020000044        0x0 /opt/Atollic_TrueSTUDIO_for_STM32_x86_64_9.2.0/ARMTools/bin/../lib/gcc/arm-atollic-eabi/6.3.1/armv6-m/crtbegin.o
                0x0000000020000044                . = ALIGN (0x4)

.bss            0x0000000020000044     0x226c load address 0x0000000008001944
                0x0000000020000044                _sbss = .
                0x0000000020000044                __bss_start__ = _sbss
 *(.bss)
 .bss           0x0000000020000044       0x1c /opt/Atollic_TrueSTUDIO_for_STM32_x86_64_9.2.0/ARMTools/bin/../lib/gcc/arm-atollic-eabi/6.3.1/armv6-m/crtbegin.o
 *(.bss*)
 *(COMMON)
 COMMON         0x0000000020000060     0x2200 HAL/Board/Board.o
                0x0000000020000060                u8GSMTxBuffer
                0x0000000020001060                u8DebugTxBuffer
                0x0000000020001160                u8GSMRxBuffer
                0x0000000020002160                u8DebugRxBuffer
 COMMON         0x0000000020002260        0x8 HAL/Drivers/stm32f0xx_it.o
                0x0000000020002260                u32MSTick
                0x0000000020002264                u32SecTick
 COMMON         0x0000000020002268       0x48 HAL/Libs/Serial/Serial.o
                0x0000000020002268                sSerialPort
                0x00000000200022b0                . = ALIGN (0x4)
                0x00000000200022b0                _ebss = .
                0x00000000200022b0                __bss_end__ = _ebss

._user_heap_stack
                0x00000000200022b0      0x100 load address 0x0000000008001944
                0x00000000200022b0                . = ALIGN (0x4)
                [!provide]                        PROVIDE (end, .)
                [!provide]                        PROVIDE (_end, .)
                0x00000000200022b0                . = (. + _Min_Heap_Size)
                0x00000000200023b0                . = (. + _Min_Stack_Size)
 *fill*         0x00000000200022b0      0x100 
                0x00000000200023b0                . = ALIGN (0x4)

.memory_b1_text
 *(.mb1text)
 *(.mb1text*)
 *(.mb1rodata)
 *(.mb1rodata*)

/DISCARD/
 libc.a(*)
 libm.a(*)
 libgcc.a(*)

.ARM.attributes
                0x0000000000000000       0x28
 *(.ARM.attributes)
 .ARM.attributes
                0x0000000000000000       0x1e /opt/Atollic_TrueSTUDIO_for_STM32_x86_64_9.2.0/ARMTools/bin/../lib/gcc/arm-atollic-eabi/6.3.1/armv6-m/crti.o
 .ARM.attributes
                0x000000000000001e       0x2c /opt/Atollic_TrueSTUDIO_for_STM32_x86_64_9.2.0/ARMTools/bin/../lib/gcc/arm-atollic-eabi/6.3.1/armv6-m/crtbegin.o
 .ARM.attributes
                0x000000000000004a       0x31 App/main.o
 .ARM.attributes
                0x000000000000007b       0x31 HAL/Board/Board.o
 .ARM.attributes
                0x00000000000000ac       0x21 HAL/CMSIS/startup_stm32f091.o
 .ARM.attributes
                0x00000000000000cd       0x31 HAL/CMSIS/system_stm32f0xx.o
 .ARM.attributes
                0x00000000000000fe       0x31 HAL/Drivers/stm32f0xx_gpio.o
 .ARM.attributes
                0x000000000000012f       0x31 HAL/Drivers/stm32f0xx_it.o
 .ARM.attributes
                0x0000000000000160       0x31 HAL/Drivers/stm32f0xx_rcc.o
 .ARM.attributes
                0x0000000000000191       0x31 HAL/Drivers/stm32f0xx_usart.o
 .ARM.attributes
                0x00000000000001c2       0x31 HAL/Libs/IOPin/IOPin.o
 .ARM.attributes
                0x00000000000001f3       0x31 HAL/Libs/Serial/Serial.o
 .ARM.attributes
                0x0000000000000224       0x2c /opt/Atollic_TrueSTUDIO_for_STM32_x86_64_9.2.0/ARMTools/bin/../lib/gcc/arm-atollic-eabi/6.3.1/../../../../arm-atollic-eabi/lib/armv6-m/libc_nano.a(lib_a-init.o)
 .ARM.attributes
                0x0000000000000250       0x2c /opt/Atollic_TrueSTUDIO_for_STM32_x86_64_9.2.0/ARMTools/bin/../lib/gcc/arm-atollic-eabi/6.3.1/../../../../arm-atollic-eabi/lib/armv6-m/libc_nano.a(lib_a-memset.o)
 .ARM.attributes
                0x000000000000027c       0x1c /opt/Atollic_TrueSTUDIO_for_STM32_x86_64_9.2.0/ARMTools/bin/../lib/gcc/arm-atollic-eabi/6.3.1/../../../../arm-atollic-eabi/lib/armv6-m/libc_nano.a(lib_a-strlen.o)
 .ARM.attributes
                0x0000000000000298       0x1e /opt/Atollic_TrueSTUDIO_for_STM32_x86_64_9.2.0/ARMTools/bin/../lib/gcc/arm-atollic-eabi/6.3.1/armv6-m/libgcc.a(_thumb1_case_uqi.o)
 .ARM.attributes
                0x00000000000002b6       0x1e /opt/Atollic_TrueSTUDIO_for_STM32_x86_64_9.2.0/ARMTools/bin/../lib/gcc/arm-atollic-eabi/6.3.1/armv6-m/libgcc.a(_udivsi3.o)
 .ARM.attributes
                0x00000000000002d4       0x1e /opt/Atollic_TrueSTUDIO_for_STM32_x86_64_9.2.0/ARMTools/bin/../lib/gcc/arm-atollic-eabi/6.3.1/armv6-m/libgcc.a(_dvmd_tls.o)
 .ARM.attributes
                0x00000000000002f2       0x1e /opt/Atollic_TrueSTUDIO_for_STM32_x86_64_9.2.0/ARMTools/bin/../lib/gcc/arm-atollic-eabi/6.3.1/armv6-m/crtn.o
OUTPUT(jconnect2g.elf elf32-littlearm)

.debug_info     0x0000000000000000     0x49ad
 .debug_info    0x0000000000000000      0x5ed App/main.o
 .debug_info    0x00000000000005ed      0x214 HAL/Board/Board.o
 .debug_info    0x0000000000000801       0x70 HAL/CMSIS/startup_stm32f091.o
 .debug_info    0x0000000000000871      0x341 HAL/CMSIS/system_stm32f0xx.o
 .debug_info    0x0000000000000bb2      0x6c7 HAL/Drivers/stm32f0xx_gpio.o
 .debug_info    0x0000000000001279      0x3fc HAL/Drivers/stm32f0xx_it.o
 .debug_info    0x0000000000001675      0xac8 HAL/Drivers/stm32f0xx_rcc.o
 .debug_info    0x000000000000213d      0xf89 HAL/Drivers/stm32f0xx_usart.o
 .debug_info    0x00000000000030c6      0x61f HAL/Libs/IOPin/IOPin.o
 .debug_info    0x00000000000036e5     0x12c8 HAL/Libs/Serial/Serial.o

.debug_abbrev   0x0000000000000000     0x10e6
 .debug_abbrev  0x0000000000000000      0x212 App/main.o
 .debug_abbrev  0x0000000000000212      0x105 HAL/Board/Board.o
 .debug_abbrev  0x0000000000000317       0x12 HAL/CMSIS/startup_stm32f091.o
 .debug_abbrev  0x0000000000000329      0x16c HAL/CMSIS/system_stm32f0xx.o
 .debug_abbrev  0x0000000000000495      0x1ed HAL/Drivers/stm32f0xx_gpio.o
 .debug_abbrev  0x0000000000000682      0x18f HAL/Drivers/stm32f0xx_it.o
 .debug_abbrev  0x0000000000000811      0x243 HAL/Drivers/stm32f0xx_rcc.o
 .debug_abbrev  0x0000000000000a54      0x1e0 HAL/Drivers/stm32f0xx_usart.o
 .debug_abbrev  0x0000000000000c34      0x1af HAL/Libs/IOPin/IOPin.o
 .debug_abbrev  0x0000000000000de3      0x303 HAL/Libs/Serial/Serial.o

.debug_loc      0x0000000000000000     0x1db7
 .debug_loc     0x0000000000000000       0x88 App/main.o
 .debug_loc     0x0000000000000088       0xff HAL/CMSIS/system_stm32f0xx.o
 .debug_loc     0x0000000000000187      0x334 HAL/Drivers/stm32f0xx_gpio.o
 .debug_loc     0x00000000000004bb      0x925 HAL/Drivers/stm32f0xx_rcc.o
 .debug_loc     0x0000000000000de0      0x8fb HAL/Drivers/stm32f0xx_usart.o
 .debug_loc     0x00000000000016db      0x207 HAL/Libs/IOPin/IOPin.o
 .debug_loc     0x00000000000018e2      0x4d5 HAL/Libs/Serial/Serial.o

.debug_aranges  0x0000000000000000      0x150
 .debug_aranges
                0x0000000000000000       0x28 App/main.o
 .debug_aranges
                0x0000000000000028       0x20 HAL/Board/Board.o
 .debug_aranges
                0x0000000000000048       0x28 HAL/CMSIS/startup_stm32f091.o
 .debug_aranges
                0x0000000000000070       0x20 HAL/CMSIS/system_stm32f0xx.o
 .debug_aranges
                0x0000000000000090       0x20 HAL/Drivers/stm32f0xx_gpio.o
 .debug_aranges
                0x00000000000000b0       0x20 HAL/Drivers/stm32f0xx_it.o
 .debug_aranges
                0x00000000000000d0       0x20 HAL/Drivers/stm32f0xx_rcc.o
 .debug_aranges
                0x00000000000000f0       0x20 HAL/Drivers/stm32f0xx_usart.o
 .debug_aranges
                0x0000000000000110       0x20 HAL/Libs/IOPin/IOPin.o
 .debug_aranges
                0x0000000000000130       0x20 HAL/Libs/Serial/Serial.o

.debug_ranges   0x0000000000000000       0x88
 .debug_ranges  0x0000000000000000       0x38 App/main.o
 .debug_ranges  0x0000000000000038       0x20 HAL/CMSIS/startup_stm32f091.o
 .debug_ranges  0x0000000000000058       0x18 HAL/CMSIS/system_stm32f0xx.o
 .debug_ranges  0x0000000000000070       0x18 HAL/Libs/Serial/Serial.o

.debug_line     0x0000000000000000     0x1a96
 .debug_line    0x0000000000000000      0x24a App/main.o
 .debug_line    0x000000000000024a      0x216 HAL/Board/Board.o
 .debug_line    0x0000000000000460       0x94 HAL/CMSIS/startup_stm32f091.o
 .debug_line    0x00000000000004f4      0x1da HAL/CMSIS/system_stm32f0xx.o
 .debug_line    0x00000000000006ce      0x2a9 HAL/Drivers/stm32f0xx_gpio.o
 .debug_line    0x0000000000000977      0x254 HAL/Drivers/stm32f0xx_it.o
 .debug_line    0x0000000000000bcb      0x414 HAL/Drivers/stm32f0xx_rcc.o
 .debug_line    0x0000000000000fdf      0x457 HAL/Drivers/stm32f0xx_usart.o
 .debug_line    0x0000000000001436      0x246 HAL/Libs/IOPin/IOPin.o
 .debug_line    0x000000000000167c      0x41a HAL/Libs/Serial/Serial.o

.debug_str      0x0000000000000000     0x1c04
 .debug_str     0x0000000000000000      0x4d2 App/main.o
                                        0x525 (size before relaxing)
 .debug_str     0x00000000000004d2       0x6f HAL/Board/Board.o
                                        0x246 (size before relaxing)
 .debug_str     0x0000000000000541       0xfd HAL/CMSIS/system_stm32f0xx.o
                                        0x2b9 (size before relaxing)
 .debug_str     0x000000000000063e      0x30b HAL/Drivers/stm32f0xx_gpio.o
                                        0x4d6 (size before relaxing)
 .debug_str     0x0000000000000949       0xf7 HAL/Drivers/stm32f0xx_it.o
                                        0x2fd (size before relaxing)
 .debug_str     0x0000000000000a40      0x52a HAL/Drivers/stm32f0xx_rcc.o
                                        0x7d3 (size before relaxing)
 .debug_str     0x0000000000000f6a      0x68f HAL/Drivers/stm32f0xx_usart.o
                                        0xa00 (size before relaxing)
 .debug_str     0x00000000000015f9       0xb5 HAL/Libs/IOPin/IOPin.o
                                        0x4ac (size before relaxing)
 .debug_str     0x00000000000016ae      0x556 HAL/Libs/Serial/Serial.o
                                        0xb45 (size before relaxing)

.comment        0x0000000000000000       0x7c
 .comment       0x0000000000000000       0x7c App/main.o
                                         0x7d (size before relaxing)
 .comment       0x000000000000007c       0x7d HAL/Board/Board.o
 .comment       0x000000000000007c       0x7d HAL/CMSIS/system_stm32f0xx.o
 .comment       0x000000000000007c       0x7d HAL/Drivers/stm32f0xx_gpio.o
 .comment       0x000000000000007c       0x7d HAL/Drivers/stm32f0xx_it.o
 .comment       0x000000000000007c       0x7d HAL/Drivers/stm32f0xx_rcc.o
 .comment       0x000000000000007c       0x7d HAL/Drivers/stm32f0xx_usart.o
 .comment       0x000000000000007c       0x7d HAL/Libs/IOPin/IOPin.o
 .comment       0x000000000000007c       0x7d HAL/Libs/Serial/Serial.o

.debug_frame    0x0000000000000000      0xaec
 .debug_frame   0x0000000000000000       0x50 App/main.o
 .debug_frame   0x0000000000000050       0x2c HAL/Board/Board.o
 .debug_frame   0x000000000000007c       0x48 HAL/CMSIS/system_stm32f0xx.o
 .debug_frame   0x00000000000000c4      0x108 HAL/Drivers/stm32f0xx_gpio.o
 .debug_frame   0x00000000000001cc       0x98 HAL/Drivers/stm32f0xx_it.o
 .debug_frame   0x0000000000000264      0x2c4 HAL/Drivers/stm32f0xx_rcc.o
 .debug_frame   0x0000000000000528      0x350 HAL/Drivers/stm32f0xx_usart.o
 .debug_frame   0x0000000000000878       0x78 HAL/Libs/IOPin/IOPin.o
 .debug_frame   0x00000000000008f0      0x190 HAL/Libs/Serial/Serial.o
 .debug_frame   0x0000000000000a80       0x2c /opt/Atollic_TrueSTUDIO_for_STM32_x86_64_9.2.0/ARMTools/bin/../lib/gcc/arm-atollic-eabi/6.3.1/../../../../arm-atollic-eabi/lib/armv6-m/libc_nano.a(lib_a-init.o)
 .debug_frame   0x0000000000000aac       0x20 /opt/Atollic_TrueSTUDIO_for_STM32_x86_64_9.2.0/ARMTools/bin/../lib/gcc/arm-atollic-eabi/6.3.1/../../../../arm-atollic-eabi/lib/armv6-m/libc_nano.a(lib_a-memset.o)
 .debug_frame   0x0000000000000acc       0x20 /opt/Atollic_TrueSTUDIO_for_STM32_x86_64_9.2.0/ARMTools/bin/../lib/gcc/arm-atollic-eabi/6.3.1/armv6-m/libgcc.a(_udivsi3.o)

Cross Reference Table

Symbol                                            File
ADC1_COMP_IRQHandler                              HAL/CMSIS/startup_stm32f091.o
ADC_AnalogWatchdogCmd                             HAL/Drivers/stm32f0xx_adc.o
ADC_AnalogWatchdogSingleChannelCmd                HAL/Drivers/stm32f0xx_adc.o
ADC_AnalogWatchdogSingleChannelConfig             HAL/Drivers/stm32f0xx_adc.o
ADC_AnalogWatchdogThresholdsConfig                HAL/Drivers/stm32f0xx_adc.o
ADC_AutoPowerOffCmd                               HAL/Drivers/stm32f0xx_adc.o
ADC_ChannelConfig                                 HAL/Drivers/stm32f0xx_adc.o
ADC_ClearFlag                                     HAL/Drivers/stm32f0xx_adc.o
ADC_ClearITPendingBit                             HAL/Drivers/stm32f0xx_adc.o
ADC_ClockModeConfig                               HAL/Drivers/stm32f0xx_adc.o
ADC_Cmd                                           HAL/Drivers/stm32f0xx_adc.o
ADC_ContinuousModeCmd                             HAL/Drivers/stm32f0xx_adc.o
ADC_DMACmd                                        HAL/Drivers/stm32f0xx_adc.o
ADC_DMARequestModeConfig                          HAL/Drivers/stm32f0xx_adc.o
ADC_DeInit                                        HAL/Drivers/stm32f0xx_adc.o
ADC_DiscModeCmd                                   HAL/Drivers/stm32f0xx_adc.o
ADC_GetCalibrationFactor                          HAL/Drivers/stm32f0xx_adc.o
ADC_GetConversionValue                            HAL/Drivers/stm32f0xx_adc.o
ADC_GetFlagStatus                                 HAL/Drivers/stm32f0xx_adc.o
ADC_GetITStatus                                   HAL/Drivers/stm32f0xx_adc.o
ADC_ITConfig                                      HAL/Drivers/stm32f0xx_adc.o
ADC_Init                                          HAL/Drivers/stm32f0xx_adc.o
ADC_JitterCmd                                     HAL/Drivers/stm32f0xx_adc.o
ADC_OverrunModeCmd                                HAL/Drivers/stm32f0xx_adc.o
ADC_StartOfConversion                             HAL/Drivers/stm32f0xx_adc.o
ADC_StopOfConversion                              HAL/Drivers/stm32f0xx_adc.o
ADC_StructInit                                    HAL/Drivers/stm32f0xx_adc.o
ADC_TempSensorCmd                                 HAL/Drivers/stm32f0xx_adc.o
ADC_VbatCmd                                       HAL/Drivers/stm32f0xx_adc.o
ADC_VrefintCmd                                    HAL/Drivers/stm32f0xx_adc.o
ADC_WaitModeCmd                                   HAL/Drivers/stm32f0xx_adc.o
AHBPrescTable                                     HAL/CMSIS/system_stm32f0xx.o
Board_Init                                        HAL/Board/Board.o
                                                  App/main.o
CEC_CAN_IRQHandler                                HAL/CMSIS/startup_stm32f091.o
DMA1_Ch1_IRQHandler                               HAL/CMSIS/startup_stm32f091.o
DMA1_Ch2_3_DMA2_Ch1_2_IRQHandler                  HAL/CMSIS/startup_stm32f091.o
DMA1_Ch4_7_DMA2_Ch3_5_IRQHandler                  HAL/CMSIS/startup_stm32f091.o
Default_Handler                                   HAL/CMSIS/startup_stm32f091.o
Delay                                             App/main.o
DirectGSM                                         App/main.o
EXTI0_1_IRQHandler                                HAL/CMSIS/startup_stm32f091.o
EXTI2_3_IRQHandler                                HAL/CMSIS/startup_stm32f091.o
EXTI4_15_IRQHandler                               HAL/CMSIS/startup_stm32f091.o
FLASH_ClearFlag                                   HAL/Drivers/stm32f0xx_flash.o
FLASH_EraseAllPages                               HAL/Drivers/stm32f0xx_flash.o
FLASH_ErasePage                                   HAL/Drivers/stm32f0xx_flash.o
FLASH_GetFlagStatus                               HAL/Drivers/stm32f0xx_flash.o
FLASH_GetPrefetchBufferStatus                     HAL/Drivers/stm32f0xx_flash.o
FLASH_GetStatus                                   HAL/Drivers/stm32f0xx_flash.o
FLASH_IRQHandler                                  HAL/CMSIS/startup_stm32f091.o
FLASH_ITConfig                                    HAL/Drivers/stm32f0xx_flash.o
FLASH_Lock                                        HAL/Drivers/stm32f0xx_flash.o
FLASH_OB_BOOT0Config                              HAL/Drivers/stm32f0xx_flash.o
FLASH_OB_BOOT0SWConfig                            HAL/Drivers/stm32f0xx_flash.o
FLASH_OB_BOOTConfig                               HAL/Drivers/stm32f0xx_flash.o
FLASH_OB_EnableWRP                                HAL/Drivers/stm32f0xx_flash.o
FLASH_OB_Erase                                    HAL/Drivers/stm32f0xx_flash.o
FLASH_OB_GetRDP                                   HAL/Drivers/stm32f0xx_flash.o
FLASH_OB_GetUser                                  HAL/Drivers/stm32f0xx_flash.o
FLASH_OB_GetWRP                                   HAL/Drivers/stm32f0xx_flash.o
FLASH_OB_Launch                                   HAL/Drivers/stm32f0xx_flash.o
FLASH_OB_Lock                                     HAL/Drivers/stm32f0xx_flash.o
FLASH_OB_ProgramData                              HAL/Drivers/stm32f0xx_flash.o
FLASH_OB_RDPConfig                                HAL/Drivers/stm32f0xx_flash.o
FLASH_OB_SRAMParityConfig                         HAL/Drivers/stm32f0xx_flash.o
FLASH_OB_Unlock                                   HAL/Drivers/stm32f0xx_flash.o
FLASH_OB_UserConfig                               HAL/Drivers/stm32f0xx_flash.o
FLASH_OB_VDDAConfig                               HAL/Drivers/stm32f0xx_flash.o
FLASH_OB_WriteUser                                HAL/Drivers/stm32f0xx_flash.o
FLASH_PrefetchBufferCmd                           HAL/Drivers/stm32f0xx_flash.o
FLASH_ProgramHalfWord                             HAL/Drivers/stm32f0xx_flash.o
FLASH_ProgramWord                                 HAL/Drivers/stm32f0xx_flash.o
FLASH_SetLatency                                  HAL/Drivers/stm32f0xx_flash.o
FLASH_Unlock                                      HAL/Drivers/stm32f0xx_flash.o
FLASH_WaitForLastOperation                        HAL/Drivers/stm32f0xx_flash.o
GPIO_DeInit                                       HAL/Drivers/stm32f0xx_gpio.o
GPIO_Init                                         HAL/Drivers/stm32f0xx_gpio.o
                                                  HAL/Libs/IOPin/IOPin.o
GPIO_PinAFConfig                                  HAL/Drivers/stm32f0xx_gpio.o
                                                  HAL/Libs/IOPin/IOPin.o
GPIO_PinLockConfig                                HAL/Drivers/stm32f0xx_gpio.o
GPIO_ReadInputData                                HAL/Drivers/stm32f0xx_gpio.o
GPIO_ReadInputDataBit                             HAL/Drivers/stm32f0xx_gpio.o
                                                  HAL/Libs/IOPin/IOPin.o
GPIO_ReadOutputData                               HAL/Drivers/stm32f0xx_gpio.o
GPIO_ReadOutputDataBit                            HAL/Drivers/stm32f0xx_gpio.o
GPIO_ResetBits                                    HAL/Drivers/stm32f0xx_gpio.o
                                                  HAL/Libs/IOPin/IOPin.o
GPIO_SetBits                                      HAL/Drivers/stm32f0xx_gpio.o
                                                  HAL/Libs/IOPin/IOPin.o
GPIO_StructInit                                   HAL/Drivers/stm32f0xx_gpio.o
GPIO_Write                                        HAL/Drivers/stm32f0xx_gpio.o
GPIO_WriteBit                                     HAL/Drivers/stm32f0xx_gpio.o
HardFault_Handler                                 HAL/Drivers/stm32f0xx_it.o
                                                  HAL/CMSIS/startup_stm32f091.o
I2C1_IRQHandler                                   HAL/CMSIS/startup_stm32f091.o
I2C2_IRQHandler                                   HAL/CMSIS/startup_stm32f091.o
I2S_Cmd                                           HAL/Drivers/stm32f0xx_spi.o
I2S_Init                                          HAL/Drivers/stm32f0xx_spi.o
I2S_StructInit                                    HAL/Drivers/stm32f0xx_spi.o
IO_GetInputPinState                               HAL/Libs/IOPin/IOPin.o
IO_Init                                           HAL/Libs/IOPin/IOPin.o
                                                  HAL/Board/Board.o
IO_ResetOutputPin                                 HAL/Libs/IOPin/IOPin.o
                                                  App/main.o
IO_SetOutputPin                                   HAL/Libs/IOPin/IOPin.o
                                                  App/main.o
IWDG_Enable                                       HAL/Drivers/stm32f0xx_iwdg.o
IWDG_GetFlagStatus                                HAL/Drivers/stm32f0xx_iwdg.o
IWDG_ReloadCounter                                HAL/Drivers/stm32f0xx_iwdg.o
IWDG_SetPrescaler                                 HAL/Drivers/stm32f0xx_iwdg.o
IWDG_SetReload                                    HAL/Drivers/stm32f0xx_iwdg.o
IWDG_SetWindowValue                               HAL/Drivers/stm32f0xx_iwdg.o
IWDG_WriteAccessCmd                               HAL/Drivers/stm32f0xx_iwdg.o
NMI_Handler                                       HAL/Drivers/stm32f0xx_it.o
                                                  HAL/CMSIS/startup_stm32f091.o
NVIC_Init                                         HAL/Drivers/stm32f0xx_misc.o
NVIC_SystemLPConfig                               HAL/Drivers/stm32f0xx_misc.o
PVD_VDDIO2_IRQHandler                             HAL/CMSIS/startup_stm32f091.o
PWR_BackupAccessCmd                               HAL/Drivers/stm32f0xx_pwr.o
PWR_ClearFlag                                     HAL/Drivers/stm32f0xx_pwr.o
PWR_DeInit                                        HAL/Drivers/stm32f0xx_pwr.o
PWR_EnterSTANDBYMode                              HAL/Drivers/stm32f0xx_pwr.o
PWR_EnterSTOPMode                                 HAL/Drivers/stm32f0xx_pwr.o
PWR_EnterSleepMode                                HAL/Drivers/stm32f0xx_pwr.o
PWR_GetFlagStatus                                 HAL/Drivers/stm32f0xx_pwr.o
PWR_PVDCmd                                        HAL/Drivers/stm32f0xx_pwr.o
PWR_PVDLevelConfig                                HAL/Drivers/stm32f0xx_pwr.o
PWR_WakeUpPinCmd                                  HAL/Drivers/stm32f0xx_pwr.o
PendSV_Handler                                    HAL/Drivers/stm32f0xx_it.o
                                                  HAL/CMSIS/startup_stm32f091.o
RCC_ADCCLKConfig                                  HAL/Drivers/stm32f0xx_rcc.o
RCC_AHBPeriphClockCmd                             HAL/Drivers/stm32f0xx_rcc.o
                                                  HAL/Libs/IOPin/IOPin.o
RCC_AHBPeriphResetCmd                             HAL/Drivers/stm32f0xx_rcc.o
                                                  HAL/Drivers/stm32f0xx_gpio.o
RCC_APB1PeriphClockCmd                            HAL/Drivers/stm32f0xx_rcc.o
                                                  HAL/Libs/Serial/Serial.o
RCC_APB1PeriphResetCmd                            HAL/Drivers/stm32f0xx_rcc.o
                                                  HAL/Drivers/stm32f0xx_usart.o
                                                  HAL/Drivers/stm32f0xx_tim.o
                                                  HAL/Drivers/stm32f0xx_spi.o
                                                  HAL/Drivers/stm32f0xx_pwr.o
RCC_APB2PeriphClockCmd                            HAL/Drivers/stm32f0xx_rcc.o
                                                  HAL/Libs/Serial/Serial.o
RCC_APB2PeriphResetCmd                            HAL/Drivers/stm32f0xx_rcc.o
                                                  HAL/Drivers/stm32f0xx_usart.o
                                                  HAL/Drivers/stm32f0xx_tim.o
                                                  HAL/Drivers/stm32f0xx_spi.o
                                                  HAL/Drivers/stm32f0xx_adc.o
RCC_AdjustHSI14CalibrationValue                   HAL/Drivers/stm32f0xx_rcc.o
RCC_AdjustHSICalibrationValue                     HAL/Drivers/stm32f0xx_rcc.o
RCC_BackupResetCmd                                HAL/Drivers/stm32f0xx_rcc.o
RCC_CECCLKConfig                                  HAL/Drivers/stm32f0xx_rcc.o
RCC_CRS_IRQHandler                                HAL/CMSIS/startup_stm32f091.o
RCC_ClearFlag                                     HAL/Drivers/stm32f0xx_rcc.o
RCC_ClearITPendingBit                             HAL/Drivers/stm32f0xx_rcc.o
RCC_ClockSecuritySystemCmd                        HAL/Drivers/stm32f0xx_rcc.o
RCC_DeInit                                        HAL/Drivers/stm32f0xx_rcc.o
RCC_GetClocksFreq                                 HAL/Drivers/stm32f0xx_rcc.o
                                                  HAL/Drivers/stm32f0xx_usart.o
                                                  HAL/Drivers/stm32f0xx_spi.o
RCC_GetFlagStatus                                 HAL/Drivers/stm32f0xx_rcc.o
RCC_GetITStatus                                   HAL/Drivers/stm32f0xx_rcc.o
RCC_GetSYSCLKSource                               HAL/Drivers/stm32f0xx_rcc.o
RCC_HCLKConfig                                    HAL/Drivers/stm32f0xx_rcc.o
RCC_HSEConfig                                     HAL/Drivers/stm32f0xx_rcc.o
RCC_HSI14ADCRequestCmd                            HAL/Drivers/stm32f0xx_rcc.o
RCC_HSI14Cmd                                      HAL/Drivers/stm32f0xx_rcc.o
RCC_HSI48Cmd                                      HAL/Drivers/stm32f0xx_rcc.o
RCC_HSICmd                                        HAL/Drivers/stm32f0xx_rcc.o
RCC_I2CCLKConfig                                  HAL/Drivers/stm32f0xx_rcc.o
RCC_ITConfig                                      HAL/Drivers/stm32f0xx_rcc.o
RCC_LSEConfig                                     HAL/Drivers/stm32f0xx_rcc.o
RCC_LSEDriveConfig                                HAL/Drivers/stm32f0xx_rcc.o
RCC_LSICmd                                        HAL/Drivers/stm32f0xx_rcc.o
RCC_MCOConfig                                     HAL/Drivers/stm32f0xx_rcc.o
RCC_PCLKConfig                                    HAL/Drivers/stm32f0xx_rcc.o
RCC_PLLCmd                                        HAL/Drivers/stm32f0xx_rcc.o
RCC_PLLConfig                                     HAL/Drivers/stm32f0xx_rcc.o
RCC_PREDIV1Config                                 HAL/Drivers/stm32f0xx_rcc.o
RCC_RTCCLKCmd                                     HAL/Drivers/stm32f0xx_rcc.o
RCC_RTCCLKConfig                                  HAL/Drivers/stm32f0xx_rcc.o
RCC_SYSCLKConfig                                  HAL/Drivers/stm32f0xx_rcc.o
RCC_USARTCLKConfig                                HAL/Drivers/stm32f0xx_rcc.o
RCC_USBCLKConfig                                  HAL/Drivers/stm32f0xx_rcc.o
RCC_WaitForHSEStartUp                             HAL/Drivers/stm32f0xx_rcc.o
RTC_AlarmCmd                                      HAL/Drivers/stm32f0xx_rtc.o
RTC_AlarmStructInit                               HAL/Drivers/stm32f0xx_rtc.o
RTC_AlarmSubSecondConfig                          HAL/Drivers/stm32f0xx_rtc.o
RTC_BypassShadowCmd                               HAL/Drivers/stm32f0xx_rtc.o
RTC_CalibOutputCmd                                HAL/Drivers/stm32f0xx_rtc.o
RTC_CalibOutputConfig                             HAL/Drivers/stm32f0xx_rtc.o
RTC_ClearFlag                                     HAL/Drivers/stm32f0xx_rtc.o
RTC_ClearITPendingBit                             HAL/Drivers/stm32f0xx_rtc.o
RTC_DateStructInit                                HAL/Drivers/stm32f0xx_rtc.o
RTC_DayLightSavingConfig                          HAL/Drivers/stm32f0xx_rtc.o
RTC_DeInit                                        HAL/Drivers/stm32f0xx_rtc.o
RTC_EnterInitMode                                 HAL/Drivers/stm32f0xx_rtc.o
RTC_ExitInitMode                                  HAL/Drivers/stm32f0xx_rtc.o
RTC_GetAlarm                                      HAL/Drivers/stm32f0xx_rtc.o
RTC_GetAlarmSubSecond                             HAL/Drivers/stm32f0xx_rtc.o
RTC_GetDate                                       HAL/Drivers/stm32f0xx_rtc.o
RTC_GetFlagStatus                                 HAL/Drivers/stm32f0xx_rtc.o
RTC_GetITStatus                                   HAL/Drivers/stm32f0xx_rtc.o
RTC_GetStoreOperation                             HAL/Drivers/stm32f0xx_rtc.o
RTC_GetSubSecond                                  HAL/Drivers/stm32f0xx_rtc.o
RTC_GetTime                                       HAL/Drivers/stm32f0xx_rtc.o
RTC_GetTimeStamp                                  HAL/Drivers/stm32f0xx_rtc.o
RTC_GetTimeStampSubSecond                         HAL/Drivers/stm32f0xx_rtc.o
RTC_GetWakeUpCounter                              HAL/Drivers/stm32f0xx_rtc.o
RTC_IRQHandler                                    HAL/CMSIS/startup_stm32f091.o
RTC_ITConfig                                      HAL/Drivers/stm32f0xx_rtc.o
RTC_Init                                          HAL/Drivers/stm32f0xx_rtc.o
RTC_OutputConfig                                  HAL/Drivers/stm32f0xx_rtc.o
RTC_OutputTypeConfig                              HAL/Drivers/stm32f0xx_rtc.o
RTC_ReadBackupRegister                            HAL/Drivers/stm32f0xx_rtc.o
RTC_RefClockCmd                                   HAL/Drivers/stm32f0xx_rtc.o
RTC_SetAlarm                                      HAL/Drivers/stm32f0xx_rtc.o
RTC_SetDate                                       HAL/Drivers/stm32f0xx_rtc.o
RTC_SetTime                                       HAL/Drivers/stm32f0xx_rtc.o
RTC_SetWakeUpCounter                              HAL/Drivers/stm32f0xx_rtc.o
RTC_SmoothCalibConfig                             HAL/Drivers/stm32f0xx_rtc.o
RTC_StructInit                                    HAL/Drivers/stm32f0xx_rtc.o
RTC_SynchroShiftConfig                            HAL/Drivers/stm32f0xx_rtc.o
RTC_TamperCmd                                     HAL/Drivers/stm32f0xx_rtc.o
RTC_TamperFilterConfig                            HAL/Drivers/stm32f0xx_rtc.o
RTC_TamperPinsPrechargeDuration                   HAL/Drivers/stm32f0xx_rtc.o
RTC_TamperPullUpCmd                               HAL/Drivers/stm32f0xx_rtc.o
RTC_TamperSamplingFreqConfig                      HAL/Drivers/stm32f0xx_rtc.o
RTC_TamperTriggerConfig                           HAL/Drivers/stm32f0xx_rtc.o
RTC_TimeStampCmd                                  HAL/Drivers/stm32f0xx_rtc.o
RTC_TimeStampOnTamperDetectionCmd                 HAL/Drivers/stm32f0xx_rtc.o
RTC_TimeStructInit                                HAL/Drivers/stm32f0xx_rtc.o
RTC_WaitForSynchro                                HAL/Drivers/stm32f0xx_rtc.o
RTC_WakeUpClockConfig                             HAL/Drivers/stm32f0xx_rtc.o
RTC_WakeUpCmd                                     HAL/Drivers/stm32f0xx_rtc.o
RTC_WriteBackupRegister                           HAL/Drivers/stm32f0xx_rtc.o
RTC_WriteProtectionCmd                            HAL/Drivers/stm32f0xx_rtc.o
Reset_Handler                                     HAL/CMSIS/startup_stm32f091.o
SPI1_IRQHandler                                   HAL/CMSIS/startup_stm32f091.o
SPI2_IRQHandler                                   HAL/CMSIS/startup_stm32f091.o
SPI_BiDirectionalLineConfig                       HAL/Drivers/stm32f0xx_spi.o
SPI_CRCLengthConfig                               HAL/Drivers/stm32f0xx_spi.o
SPI_CalculateCRC                                  HAL/Drivers/stm32f0xx_spi.o
SPI_Cmd                                           HAL/Drivers/stm32f0xx_spi.o
SPI_DataSizeConfig                                HAL/Drivers/stm32f0xx_spi.o
SPI_GetCRC                                        HAL/Drivers/stm32f0xx_spi.o
SPI_GetCRCPolynomial                              HAL/Drivers/stm32f0xx_spi.o
SPI_GetReceptionFIFOStatus                        HAL/Drivers/stm32f0xx_spi.o
SPI_GetTransmissionFIFOStatus                     HAL/Drivers/stm32f0xx_spi.o
SPI_I2S_ClearFlag                                 HAL/Drivers/stm32f0xx_spi.o
SPI_I2S_DMACmd                                    HAL/Drivers/stm32f0xx_spi.o
SPI_I2S_DeInit                                    HAL/Drivers/stm32f0xx_spi.o
SPI_I2S_GetFlagStatus                             HAL/Drivers/stm32f0xx_spi.o
SPI_I2S_GetITStatus                               HAL/Drivers/stm32f0xx_spi.o
SPI_I2S_ITConfig                                  HAL/Drivers/stm32f0xx_spi.o
SPI_I2S_ReceiveData16                             HAL/Drivers/stm32f0xx_spi.o
SPI_I2S_SendData16                                HAL/Drivers/stm32f0xx_spi.o
SPI_Init                                          HAL/Drivers/stm32f0xx_spi.o
SPI_LastDMATransferCmd                            HAL/Drivers/stm32f0xx_spi.o
SPI_NSSInternalSoftwareConfig                     HAL/Drivers/stm32f0xx_spi.o
SPI_NSSPulseModeCmd                               HAL/Drivers/stm32f0xx_spi.o
SPI_ReceiveData8                                  HAL/Drivers/stm32f0xx_spi.o
SPI_RxFIFOThresholdConfig                         HAL/Drivers/stm32f0xx_spi.o
SPI_SSOutputCmd                                   HAL/Drivers/stm32f0xx_spi.o
SPI_SendData8                                     HAL/Drivers/stm32f0xx_spi.o
SPI_StructInit                                    HAL/Drivers/stm32f0xx_spi.o
SPI_TIModeCmd                                     HAL/Drivers/stm32f0xx_spi.o
SPI_TransmitCRC                                   HAL/Drivers/stm32f0xx_spi.o
SVC_Handler                                       HAL/Drivers/stm32f0xx_it.o
                                                  HAL/CMSIS/startup_stm32f091.o
SYSCFG_BreakConfig                                HAL/Drivers/stm32f0xx_syscfg.o
SYSCFG_ClearFlag                                  HAL/Drivers/stm32f0xx_syscfg.o
SYSCFG_DMAChannelRemapConfig                      HAL/Drivers/stm32f0xx_syscfg.o
SYSCFG_DeInit                                     HAL/Drivers/stm32f0xx_syscfg.o
SYSCFG_EXTILineConfig                             HAL/Drivers/stm32f0xx_syscfg.o
SYSCFG_GetFlagStatus                              HAL/Drivers/stm32f0xx_syscfg.o
SYSCFG_GetPendingIT                               HAL/Drivers/stm32f0xx_syscfg.o
SYSCFG_I2CFastModePlusConfig                      HAL/Drivers/stm32f0xx_syscfg.o
SYSCFG_IRDAEnvSelection                           HAL/Drivers/stm32f0xx_syscfg.o
SYSCFG_MemoryRemapConfig                          HAL/Drivers/stm32f0xx_syscfg.o
Serial_Init                                       HAL/Libs/Serial/Serial.o
                                                  HAL/Board/Board.o
Serial_InitBuffer                                 HAL/Libs/Serial/Serial.o
                                                  HAL/Board/Board.o
Serial_Read                                       HAL/Libs/Serial/Serial.o
Serial_ReadByte                                   HAL/Libs/Serial/Serial.o
                                                  App/main.o
Serial_RxCallback                                 HAL/Libs/Serial/Serial.o
                                                  HAL/Drivers/stm32f0xx_it.o
Serial_RxGetCount                                 HAL/Libs/Serial/Serial.o
                                                  App/main.o
Serial_RxPutByte                                  HAL/Libs/Serial/Serial.o
Serial_TxCallback                                 HAL/Libs/Serial/Serial.o
                                                  HAL/Drivers/stm32f0xx_it.o
Serial_TxGetByte                                  HAL/Libs/Serial/Serial.o
Serial_TxGetCount                                 HAL/Libs/Serial/Serial.o
Serial_Write                                      HAL/Libs/Serial/Serial.o
Serial_WriteByte                                  HAL/Libs/Serial/Serial.o
                                                  App/main.o
Serial_WriteString                                HAL/Libs/Serial/Serial.o
SysTick_CLKSourceConfig                           HAL/Drivers/stm32f0xx_misc.o
SysTick_Handler                                   HAL/Drivers/stm32f0xx_it.o
                                                  HAL/CMSIS/startup_stm32f091.o
SystemCoreClock                                   HAL/CMSIS/system_stm32f0xx.o
                                                  App/main.o
SystemCoreClockUpdate                             HAL/CMSIS/system_stm32f0xx.o
SystemInit                                        HAL/CMSIS/system_stm32f0xx.o
                                                  HAL/CMSIS/startup_stm32f091.o
TIM14_IRQHandler                                  HAL/CMSIS/startup_stm32f091.o
TIM15_IRQHandler                                  HAL/CMSIS/startup_stm32f091.o
TIM16_IRQHandler                                  HAL/CMSIS/startup_stm32f091.o
TIM17_IRQHandler                                  HAL/CMSIS/startup_stm32f091.o
TIM1_BRK_UP_TRG_COM_IRQHandler                    HAL/CMSIS/startup_stm32f091.o
TIM1_CC_IRQHandler                                HAL/CMSIS/startup_stm32f091.o
TIM2_IRQHandler                                   HAL/CMSIS/startup_stm32f091.o
TIM3_IRQHandler                                   HAL/CMSIS/startup_stm32f091.o
TIM6_DAC_IRQHandler                               HAL/CMSIS/startup_stm32f091.o
TIM7_IRQHandler                                   HAL/CMSIS/startup_stm32f091.o
TIM_ARRPreloadConfig                              HAL/Drivers/stm32f0xx_tim.o
TIM_BDTRConfig                                    HAL/Drivers/stm32f0xx_tim.o
TIM_BDTRStructInit                                HAL/Drivers/stm32f0xx_tim.o
TIM_CCPreloadControl                              HAL/Drivers/stm32f0xx_tim.o
TIM_CCxCmd                                        HAL/Drivers/stm32f0xx_tim.o
TIM_CCxNCmd                                       HAL/Drivers/stm32f0xx_tim.o
TIM_ClearFlag                                     HAL/Drivers/stm32f0xx_tim.o
TIM_ClearITPendingBit                             HAL/Drivers/stm32f0xx_tim.o
TIM_ClearOC1Ref                                   HAL/Drivers/stm32f0xx_tim.o
TIM_ClearOC2Ref                                   HAL/Drivers/stm32f0xx_tim.o
TIM_ClearOC3Ref                                   HAL/Drivers/stm32f0xx_tim.o
TIM_ClearOC4Ref                                   HAL/Drivers/stm32f0xx_tim.o
TIM_Cmd                                           HAL/Drivers/stm32f0xx_tim.o
TIM_CounterModeConfig                             HAL/Drivers/stm32f0xx_tim.o
TIM_CtrlPWMOutputs                                HAL/Drivers/stm32f0xx_tim.o
TIM_DMACmd                                        HAL/Drivers/stm32f0xx_tim.o
TIM_DMAConfig                                     HAL/Drivers/stm32f0xx_tim.o
TIM_DeInit                                        HAL/Drivers/stm32f0xx_tim.o
TIM_ETRClockMode1Config                           HAL/Drivers/stm32f0xx_tim.o
TIM_ETRClockMode2Config                           HAL/Drivers/stm32f0xx_tim.o
TIM_ETRConfig                                     HAL/Drivers/stm32f0xx_tim.o
TIM_EncoderInterfaceConfig                        HAL/Drivers/stm32f0xx_tim.o
TIM_ForcedOC1Config                               HAL/Drivers/stm32f0xx_tim.o
TIM_ForcedOC2Config                               HAL/Drivers/stm32f0xx_tim.o
TIM_ForcedOC3Config                               HAL/Drivers/stm32f0xx_tim.o
TIM_ForcedOC4Config                               HAL/Drivers/stm32f0xx_tim.o
TIM_GenerateEvent                                 HAL/Drivers/stm32f0xx_tim.o
TIM_GetCapture1                                   HAL/Drivers/stm32f0xx_tim.o
TIM_GetCapture2                                   HAL/Drivers/stm32f0xx_tim.o
TIM_GetCapture3                                   HAL/Drivers/stm32f0xx_tim.o
TIM_GetCapture4                                   HAL/Drivers/stm32f0xx_tim.o
TIM_GetCounter                                    HAL/Drivers/stm32f0xx_tim.o
TIM_GetFlagStatus                                 HAL/Drivers/stm32f0xx_tim.o
TIM_GetITStatus                                   HAL/Drivers/stm32f0xx_tim.o
TIM_GetPrescaler                                  HAL/Drivers/stm32f0xx_tim.o
TIM_ICInit                                        HAL/Drivers/stm32f0xx_tim.o
TIM_ICStructInit                                  HAL/Drivers/stm32f0xx_tim.o
TIM_ITConfig                                      HAL/Drivers/stm32f0xx_tim.o
TIM_ITRxExternalClockConfig                       HAL/Drivers/stm32f0xx_tim.o
TIM_InternalClockConfig                           HAL/Drivers/stm32f0xx_tim.o
TIM_OC1FastConfig                                 HAL/Drivers/stm32f0xx_tim.o
TIM_OC1Init                                       HAL/Drivers/stm32f0xx_tim.o
TIM_OC1NPolarityConfig                            HAL/Drivers/stm32f0xx_tim.o
TIM_OC1PolarityConfig                             HAL/Drivers/stm32f0xx_tim.o
TIM_OC1PreloadConfig                              HAL/Drivers/stm32f0xx_tim.o
TIM_OC2FastConfig                                 HAL/Drivers/stm32f0xx_tim.o
TIM_OC2Init                                       HAL/Drivers/stm32f0xx_tim.o
TIM_OC2NPolarityConfig                            HAL/Drivers/stm32f0xx_tim.o
TIM_OC2PolarityConfig                             HAL/Drivers/stm32f0xx_tim.o
TIM_OC2PreloadConfig                              HAL/Drivers/stm32f0xx_tim.o
TIM_OC3FastConfig                                 HAL/Drivers/stm32f0xx_tim.o
TIM_OC3Init                                       HAL/Drivers/stm32f0xx_tim.o
TIM_OC3NPolarityConfig                            HAL/Drivers/stm32f0xx_tim.o
TIM_OC3PolarityConfig                             HAL/Drivers/stm32f0xx_tim.o
TIM_OC3PreloadConfig                              HAL/Drivers/stm32f0xx_tim.o
TIM_OC4FastConfig                                 HAL/Drivers/stm32f0xx_tim.o
TIM_OC4Init                                       HAL/Drivers/stm32f0xx_tim.o
TIM_OC4PolarityConfig                             HAL/Drivers/stm32f0xx_tim.o
TIM_OC4PreloadConfig                              HAL/Drivers/stm32f0xx_tim.o
TIM_OCStructInit                                  HAL/Drivers/stm32f0xx_tim.o
TIM_PWMIConfig                                    HAL/Drivers/stm32f0xx_tim.o
TIM_PrescalerConfig                               HAL/Drivers/stm32f0xx_tim.o
TIM_RemapConfig                                   HAL/Drivers/stm32f0xx_tim.o
TIM_SelectCCDMA                                   HAL/Drivers/stm32f0xx_tim.o
TIM_SelectCOM                                     HAL/Drivers/stm32f0xx_tim.o
TIM_SelectHallSensor                              HAL/Drivers/stm32f0xx_tim.o
TIM_SelectInputTrigger                            HAL/Drivers/stm32f0xx_tim.o
TIM_SelectMasterSlaveMode                         HAL/Drivers/stm32f0xx_tim.o
TIM_SelectOCREFClear                              HAL/Drivers/stm32f0xx_tim.o
TIM_SelectOCxM                                    HAL/Drivers/stm32f0xx_tim.o
TIM_SelectOnePulseMode                            HAL/Drivers/stm32f0xx_tim.o
TIM_SelectOutputTrigger                           HAL/Drivers/stm32f0xx_tim.o
TIM_SelectSlaveMode                               HAL/Drivers/stm32f0xx_tim.o
TIM_SetAutoreload                                 HAL/Drivers/stm32f0xx_tim.o
TIM_SetClockDivision                              HAL/Drivers/stm32f0xx_tim.o
TIM_SetCompare1                                   HAL/Drivers/stm32f0xx_tim.o
TIM_SetCompare2                                   HAL/Drivers/stm32f0xx_tim.o
TIM_SetCompare3                                   HAL/Drivers/stm32f0xx_tim.o
TIM_SetCompare4                                   HAL/Drivers/stm32f0xx_tim.o
TIM_SetCounter                                    HAL/Drivers/stm32f0xx_tim.o
TIM_SetIC1Prescaler                               HAL/Drivers/stm32f0xx_tim.o
TIM_SetIC2Prescaler                               HAL/Drivers/stm32f0xx_tim.o
TIM_SetIC3Prescaler                               HAL/Drivers/stm32f0xx_tim.o
TIM_SetIC4Prescaler                               HAL/Drivers/stm32f0xx_tim.o
TIM_TIxExternalClockConfig                        HAL/Drivers/stm32f0xx_tim.o
TIM_TimeBaseInit                                  HAL/Drivers/stm32f0xx_tim.o
TIM_TimeBaseStructInit                            HAL/Drivers/stm32f0xx_tim.o
TIM_UpdateDisableConfig                           HAL/Drivers/stm32f0xx_tim.o
TIM_UpdateRequestConfig                           HAL/Drivers/stm32f0xx_tim.o
TSC_IRQHandler                                    HAL/CMSIS/startup_stm32f091.o
USART1_IRQHandler                                 HAL/Drivers/stm32f0xx_it.o
                                                  HAL/CMSIS/startup_stm32f091.o
USART2_IRQHandler                                 HAL/CMSIS/startup_stm32f091.o
USART3_8_IRQHandler                               HAL/Drivers/stm32f0xx_it.o
                                                  HAL/CMSIS/startup_stm32f091.o
USART_AddressDetectionConfig                      HAL/Drivers/stm32f0xx_usart.o
USART_AutoBaudRateCmd                             HAL/Drivers/stm32f0xx_usart.o
USART_AutoBaudRateConfig                          HAL/Drivers/stm32f0xx_usart.o
USART_ClearFlag                                   HAL/Drivers/stm32f0xx_usart.o
USART_ClearITPendingBit                           HAL/Drivers/stm32f0xx_usart.o
USART_ClockInit                                   HAL/Drivers/stm32f0xx_usart.o
USART_ClockStructInit                             HAL/Drivers/stm32f0xx_usart.o
USART_Cmd                                         HAL/Drivers/stm32f0xx_usart.o
USART_DECmd                                       HAL/Drivers/stm32f0xx_usart.o
USART_DEPolarityConfig                            HAL/Drivers/stm32f0xx_usart.o
USART_DMACmd                                      HAL/Drivers/stm32f0xx_usart.o
USART_DMAReceptionErrorConfig                     HAL/Drivers/stm32f0xx_usart.o
USART_DataInvCmd                                  HAL/Drivers/stm32f0xx_usart.o
USART_DeInit                                      HAL/Drivers/stm32f0xx_usart.o
                                                  HAL/Libs/Serial/Serial.o
USART_DirectionModeCmd                            HAL/Drivers/stm32f0xx_usart.o
USART_GetFlagStatus                               HAL/Drivers/stm32f0xx_usart.o
USART_GetITStatus                                 HAL/Drivers/stm32f0xx_usart.o
                                                  HAL/Drivers/stm32f0xx_it.o
USART_HalfDuplexCmd                               HAL/Drivers/stm32f0xx_usart.o
USART_ITConfig                                    HAL/Drivers/stm32f0xx_usart.o
                                                  HAL/Libs/Serial/Serial.o
USART_Init                                        HAL/Drivers/stm32f0xx_usart.o
                                                  HAL/Libs/Serial/Serial.o
USART_InvPinCmd                                   HAL/Drivers/stm32f0xx_usart.o
USART_IrDACmd                                     HAL/Drivers/stm32f0xx_usart.o
USART_IrDAConfig                                  HAL/Drivers/stm32f0xx_usart.o
USART_LINBreakDetectLengthConfig                  HAL/Drivers/stm32f0xx_usart.o
USART_LINCmd                                      HAL/Drivers/stm32f0xx_usart.o
USART_MSBFirstCmd                                 HAL/Drivers/stm32f0xx_usart.o
USART_MuteModeCmd                                 HAL/Drivers/stm32f0xx_usart.o
USART_MuteModeWakeUpConfig                        HAL/Drivers/stm32f0xx_usart.o
USART_OneBitMethodCmd                             HAL/Drivers/stm32f0xx_usart.o
USART_OverSampling8Cmd                            HAL/Drivers/stm32f0xx_usart.o
USART_OverrunDetectionConfig                      HAL/Drivers/stm32f0xx_usart.o
USART_ReceiveData                                 HAL/Drivers/stm32f0xx_usart.o
                                                  HAL/Drivers/stm32f0xx_it.o
USART_ReceiverTimeOutCmd                          HAL/Drivers/stm32f0xx_usart.o
USART_RequestCmd                                  HAL/Drivers/stm32f0xx_usart.o
USART_STOPModeCmd                                 HAL/Drivers/stm32f0xx_usart.o
USART_SWAPPinCmd                                  HAL/Drivers/stm32f0xx_usart.o
USART_SendData                                    HAL/Drivers/stm32f0xx_usart.o
                                                  HAL/Libs/Serial/Serial.o
USART_SetAddress                                  HAL/Drivers/stm32f0xx_usart.o
USART_SetAutoRetryCount                           HAL/Drivers/stm32f0xx_usart.o
USART_SetBlockLength                              HAL/Drivers/stm32f0xx_usart.o
USART_SetDEAssertionTime                          HAL/Drivers/stm32f0xx_usart.o
USART_SetDEDeassertionTime                        HAL/Drivers/stm32f0xx_usart.o
USART_SetGuardTime                                HAL/Drivers/stm32f0xx_usart.o
USART_SetPrescaler                                HAL/Drivers/stm32f0xx_usart.o
USART_SetReceiverTimeOut                          HAL/Drivers/stm32f0xx_usart.o
USART_SmartCardCmd                                HAL/Drivers/stm32f0xx_usart.o
USART_SmartCardNACKCmd                            HAL/Drivers/stm32f0xx_usart.o
USART_StopModeWakeUpSourceConfig                  HAL/Drivers/stm32f0xx_usart.o
USART_StructInit                                  HAL/Drivers/stm32f0xx_usart.o
WWDG_IRQHandler                                   HAL/CMSIS/startup_stm32f091.o
__aeabi_idiv0                                     /opt/Atollic_TrueSTUDIO_for_STM32_x86_64_9.2.0/ARMTools/bin/../lib/gcc/arm-atollic-eabi/6.3.1/armv6-m/libgcc.a(_dvmd_tls.o)
                                                  /opt/Atollic_TrueSTUDIO_for_STM32_x86_64_9.2.0/ARMTools/bin/../lib/gcc/arm-atollic-eabi/6.3.1/armv6-m/libgcc.a(_udivsi3.o)
__aeabi_ldiv0                                     /opt/Atollic_TrueSTUDIO_for_STM32_x86_64_9.2.0/ARMTools/bin/../lib/gcc/arm-atollic-eabi/6.3.1/armv6-m/libgcc.a(_dvmd_tls.o)
__aeabi_uidiv                                     /opt/Atollic_TrueSTUDIO_for_STM32_x86_64_9.2.0/ARMTools/bin/../lib/gcc/arm-atollic-eabi/6.3.1/armv6-m/libgcc.a(_udivsi3.o)
                                                  HAL/Drivers/stm32f0xx_usart.o
                                                  HAL/Drivers/stm32f0xx_spi.o
                                                  HAL/Drivers/stm32f0xx_rcc.o
                                                  HAL/CMSIS/system_stm32f0xx.o
                                                  App/main.o
__aeabi_uidivmod                                  /opt/Atollic_TrueSTUDIO_for_STM32_x86_64_9.2.0/ARMTools/bin/../lib/gcc/arm-atollic-eabi/6.3.1/armv6-m/libgcc.a(_udivsi3.o)
                                                  HAL/Drivers/stm32f0xx_usart.o
                                                  HAL/Drivers/stm32f0xx_it.o
__deregister_frame_info                           /opt/Atollic_TrueSTUDIO_for_STM32_x86_64_9.2.0/ARMTools/bin/../lib/gcc/arm-atollic-eabi/6.3.1/armv6-m/crtbegin.o
__dso_handle                                      /opt/Atollic_TrueSTUDIO_for_STM32_x86_64_9.2.0/ARMTools/bin/../lib/gcc/arm-atollic-eabi/6.3.1/armv6-m/crtbegin.o
__gnu_thumb1_case_uqi                             /opt/Atollic_TrueSTUDIO_for_STM32_x86_64_9.2.0/ARMTools/bin/../lib/gcc/arm-atollic-eabi/6.3.1/armv6-m/libgcc.a(_thumb1_case_uqi.o)
                                                  HAL/Drivers/stm32f0xx_rcc.o
__init_array_end                                  /opt/Atollic_TrueSTUDIO_for_STM32_x86_64_9.2.0/ARMTools/bin/../lib/gcc/arm-atollic-eabi/6.3.1/../../../../arm-atollic-eabi/lib/armv6-m/libc_nano.a(lib_a-init.o)
__init_array_start                                /opt/Atollic_TrueSTUDIO_for_STM32_x86_64_9.2.0/ARMTools/bin/../lib/gcc/arm-atollic-eabi/6.3.1/../../../../arm-atollic-eabi/lib/armv6-m/libc_nano.a(lib_a-init.o)
__libc_init_array                                 /opt/Atollic_TrueSTUDIO_for_STM32_x86_64_9.2.0/ARMTools/bin/../lib/gcc/arm-atollic-eabi/6.3.1/../../../../arm-atollic-eabi/lib/armv6-m/libc_nano.a(lib_a-init.o)
                                                  HAL/CMSIS/startup_stm32f091.o
__preinit_array_end                               /opt/Atollic_TrueSTUDIO_for_STM32_x86_64_9.2.0/ARMTools/bin/../lib/gcc/arm-atollic-eabi/6.3.1/../../../../arm-atollic-eabi/lib/armv6-m/libc_nano.a(lib_a-init.o)
__preinit_array_start                             /opt/Atollic_TrueSTUDIO_for_STM32_x86_64_9.2.0/ARMTools/bin/../lib/gcc/arm-atollic-eabi/6.3.1/../../../../arm-atollic-eabi/lib/armv6-m/libc_nano.a(lib_a-init.o)
__register_frame_info                             /opt/Atollic_TrueSTUDIO_for_STM32_x86_64_9.2.0/ARMTools/bin/../lib/gcc/arm-atollic-eabi/6.3.1/armv6-m/crtbegin.o
__udivsi3                                         /opt/Atollic_TrueSTUDIO_for_STM32_x86_64_9.2.0/ARMTools/bin/../lib/gcc/arm-atollic-eabi/6.3.1/armv6-m/libgcc.a(_udivsi3.o)
_ebss                                             HAL/CMSIS/startup_stm32f091.o
_edata                                            HAL/CMSIS/startup_stm32f091.o
_estack                                           HAL/CMSIS/startup_stm32f091.o
_fini                                             /opt/Atollic_TrueSTUDIO_for_STM32_x86_64_9.2.0/ARMTools/bin/../lib/gcc/arm-atollic-eabi/6.3.1/armv6-m/crti.o
_init                                             /opt/Atollic_TrueSTUDIO_for_STM32_x86_64_9.2.0/ARMTools/bin/../lib/gcc/arm-atollic-eabi/6.3.1/armv6-m/crti.o
                                                  /opt/Atollic_TrueSTUDIO_for_STM32_x86_64_9.2.0/ARMTools/bin/../lib/gcc/arm-atollic-eabi/6.3.1/../../../../arm-atollic-eabi/lib/armv6-m/libc_nano.a(lib_a-init.o)
_sbss                                             HAL/CMSIS/startup_stm32f091.o
_sdata                                            HAL/CMSIS/startup_stm32f091.o
_sidata                                           HAL/CMSIS/startup_stm32f091.o
g_pfnVectors                                      HAL/CMSIS/startup_stm32f091.o
main                                              App/main.o
                                                  HAL/CMSIS/startup_stm32f091.o
memset                                            /opt/Atollic_TrueSTUDIO_for_STM32_x86_64_9.2.0/ARMTools/bin/../lib/gcc/arm-atollic-eabi/6.3.1/../../../../arm-atollic-eabi/lib/armv6-m/libc_nano.a(lib_a-memset.o)
                                                  HAL/Libs/Serial/Serial.o
pPort                                             HAL/Libs/IOPin/IOPin.o
pUSARTPorts                                       HAL/Libs/Serial/Serial.o
sPinConfig                                        HAL/Libs/IOPin/IOPin.o
sSerialPort                                       HAL/Libs/Serial/Serial.o
strlen                                            /opt/Atollic_TrueSTUDIO_for_STM32_x86_64_9.2.0/ARMTools/bin/../lib/gcc/arm-atollic-eabi/6.3.1/../../../../arm-atollic-eabi/lib/armv6-m/libc_nano.a(lib_a-strlen.o)
                                                  HAL/Libs/Serial/Serial.o
u32MSTick                                         HAL/Drivers/stm32f0xx_it.o
                                                  App/main.o
u32SecTick                                        HAL/Drivers/stm32f0xx_it.o
u8DebugRxBuffer                                   HAL/Board/Board.o
u8DebugTxBuffer                                   HAL/Board/Board.o
u8GSMRxBuffer                                     HAL/Board/Board.o
u8GSMTxBuffer                                     HAL/Board/Board.o
