stm32f0xx_rcc.c:146:6:RCC_DeInit	0	static
stm32f0xx_rcc.c:201:6:RCC_HSEConfig	0	static
stm32f0xx_rcc.c:261:6:RCC_AdjustHSICalibrationValue	0	static
stm32f0xx_rcc.c:295:6:RCC_HSICmd	0	static
stm32f0xx_rcc.c:321:6:RCC_AdjustHSI14CalibrationValue	0	static
stm32f0xx_rcc.c:352:6:RCC_HSI14Cmd	0	static
stm32f0xx_rcc.c:373:6:RCC_HSI14ADCRequestCmd	0	static
stm32f0xx_rcc.c:405:6:RCC_LSEConfig	0	static
stm32f0xx_rcc.c:431:6:RCC_LSEDriveConfig	0	static
stm32f0xx_rcc.c:455:6:RCC_LSICmd	0	static
stm32f0xx_rcc.c:488:6:RCC_PLLConfig	8	static
stm32f0xx_rcc.c:512:6:RCC_PLLCmd	0	static
stm32f0xx_rcc.c:538:6:RCC_HSI48Cmd	0	static
stm32f0xx_rcc.c:560:6:RCC_PREDIV1Config	0	static
stm32f0xx_rcc.c:587:6:RCC_ClockSecuritySystemCmd	0	static
stm32f0xx_rcc.c:656:6:RCC_MCOConfig	0	static
stm32f0xx_rcc.c:772:6:RCC_SYSCLKConfig	0	static
stm32f0xx_rcc.c:801:9:RCC_GetSYSCLKSource	0	static
stm32f0xx_rcc.c:822:6:RCC_HCLKConfig	0	static
stm32f0xx_rcc.c:853:6:RCC_PCLKConfig	0	static
stm32f0xx_rcc.c:884:6:RCC_ADCCLKConfig	0	static
stm32f0xx_rcc.c:909:6:RCC_CECCLKConfig	0	static
stm32f0xx_rcc.c:929:6:RCC_I2CCLKConfig	0	static
stm32f0xx_rcc.c:959:6:RCC_USARTCLKConfig	0	static
stm32f0xx_rcc.c:1000:6:RCC_USBCLKConfig	0	static
stm32f0xx_rcc.c:1053:6:RCC_GetClocksFreq	24	static
stm32f0xx_rcc.c:1285:6:RCC_RTCCLKConfig	0	static
stm32f0xx_rcc.c:1302:6:RCC_RTCCLKCmd	0	static
stm32f0xx_rcc.c:1325:6:RCC_BackupResetCmd	0	static
stm32f0xx_rcc.c:1363:6:RCC_AHBPeriphClockCmd	0	static
stm32f0xx_rcc.c:1402:6:RCC_APB2PeriphClockCmd	0	static
stm32f0xx_rcc.c:1448:6:RCC_APB1PeriphClockCmd	0	static
stm32f0xx_rcc.c:1479:6:RCC_AHBPeriphResetCmd	0	static
stm32f0xx_rcc.c:1515:6:RCC_APB2PeriphResetCmd	0	static
stm32f0xx_rcc.c:1558:6:RCC_APB1PeriphResetCmd	0	static
stm32f0xx_rcc.c:1610:6:RCC_ITConfig	0	static
stm32f0xx_rcc.c:1649:12:RCC_GetFlagStatus	0	static
stm32f0xx_rcc.c:227:13:RCC_WaitForHSEStartUp	16	static
stm32f0xx_rcc.c:1701:6:RCC_ClearFlag	0	static
stm32f0xx_rcc.c:1721:10:RCC_GetITStatus	0	static
stm32f0xx_rcc.c:1755:6:RCC_ClearITPendingBit	0	static
