stm32f0xx_tim.c:3203:13:TI1_Config	20	static
stm32f0xx_tim.c:3240:13:TI2_Config	20	static
stm32f0xx_tim.c:194:6:TIM_DeInit	8	static
stm32f0xx_tim.c:263:6:TIM_TimeBaseInit	12	static
stm32f0xx_tim.c:313:6:TIM_TimeBaseStructInit	0	static
stm32f0xx_tim.c:336:6:TIM_PrescalerConfig	0	static
stm32f0xx_tim.c:361:6:TIM_CounterModeConfig	0	static
stm32f0xx_tim.c:388:6:TIM_SetCounter	0	static
stm32f0xx_tim.c:406:6:TIM_SetAutoreload	0	static
stm32f0xx_tim.c:424:10:TIM_GetCounter	0	static
stm32f0xx_tim.c:442:10:TIM_GetPrescaler	0	static
stm32f0xx_tim.c:462:6:TIM_UpdateDisableConfig	0	static
stm32f0xx_tim.c:495:6:TIM_UpdateRequestConfig	0	static
stm32f0xx_tim.c:524:6:TIM_ARRPreloadConfig	0	static
stm32f0xx_tim.c:555:6:TIM_SelectOnePulseMode	0	static
stm32f0xx_tim.c:578:6:TIM_SetClockDivision	0	static
stm32f0xx_tim.c:601:6:TIM_Cmd	0	static
stm32f0xx_tim.c:659:6:TIM_BDTRConfig	0	static
stm32f0xx_tim.c:683:6:TIM_BDTRStructInit	0	static
stm32f0xx_tim.c:702:6:TIM_CtrlPWMOutputs	0	static
stm32f0xx_tim.c:775:6:TIM_OC1Init	16	static
stm32f0xx_tim.c:858:6:TIM_OC2Init	16	static
stm32f0xx_tim.c:951:6:TIM_OC3Init	16	static
stm32f0xx_tim.c:1032:6:TIM_OC4Init	16	static
stm32f0xx_tim.c:1094:6:TIM_OCStructInit	0	static
stm32f0xx_tim.c:1131:6:TIM_SelectOCxM	12	static
stm32f0xx_tim.c:1177:6:TIM_SetCompare1	0	static
stm32f0xx_tim.c:1193:6:TIM_SetCompare2	0	static
stm32f0xx_tim.c:1208:6:TIM_SetCompare3	0	static
stm32f0xx_tim.c:1224:6:TIM_SetCompare4	0	static
stm32f0xx_tim.c:1243:6:TIM_ForcedOC1Config	0	static
stm32f0xx_tim.c:1268:6:TIM_ForcedOC2Config	0	static
stm32f0xx_tim.c:1295:6:TIM_ForcedOC3Config	0	static
stm32f0xx_tim.c:1322:6:TIM_ForcedOC4Config	0	static
stm32f0xx_tim.c:1346:6:TIM_CCPreloadControl	0	static
stm32f0xx_tim.c:1374:6:TIM_OC1PreloadConfig	0	static
stm32f0xx_tim.c:1400:6:TIM_OC2PreloadConfig	0	static
stm32f0xx_tim.c:1426:6:TIM_OC3PreloadConfig	0	static
stm32f0xx_tim.c:1453:6:TIM_OC4PreloadConfig	0	static
stm32f0xx_tim.c:1480:6:TIM_OC1FastConfig	0	static
stm32f0xx_tim.c:1508:6:TIM_OC2FastConfig	0	static
stm32f0xx_tim.c:1536:6:TIM_OC3FastConfig	0	static
stm32f0xx_tim.c:1564:6:TIM_OC4FastConfig	0	static
stm32f0xx_tim.c:1592:6:TIM_ClearOC1Ref	0	static
stm32f0xx_tim.c:1619:6:TIM_ClearOC2Ref	0	static
stm32f0xx_tim.c:1646:6:TIM_ClearOC3Ref	0	static
stm32f0xx_tim.c:1673:6:TIM_ClearOC4Ref	0	static
stm32f0xx_tim.c:1700:6:TIM_OC1PolarityConfig	0	static
stm32f0xx_tim.c:1725:6:TIM_OC1NPolarityConfig	0	static
stm32f0xx_tim.c:1750:6:TIM_OC2PolarityConfig	0	static
stm32f0xx_tim.c:1775:6:TIM_OC2NPolarityConfig	0	static
stm32f0xx_tim.c:1800:6:TIM_OC3PolarityConfig	0	static
stm32f0xx_tim.c:1825:6:TIM_OC3NPolarityConfig	0	static
stm32f0xx_tim.c:1851:6:TIM_OC4PolarityConfig	0	static
stm32f0xx_tim.c:1877:6:TIM_SelectOCREFClear	0	static
stm32f0xx_tim.c:1902:6:TIM_CCxCmd	8	static
stm32f0xx_tim.c:1931:6:TIM_CCxNCmd	8	static
stm32f0xx_tim.c:1956:6:TIM_SelectCOM	0	static
stm32f0xx_tim.c:2091:6:TIM_ICStructInit	0	static
stm32f0xx_tim.c:2167:10:TIM_GetCapture1	0	static
stm32f0xx_tim.c:2181:10:TIM_GetCapture2	0	static
stm32f0xx_tim.c:2196:10:TIM_GetCapture3	0	static
stm32f0xx_tim.c:2211:10:TIM_GetCapture4	0	static
stm32f0xx_tim.c:2232:6:TIM_SetIC1Prescaler	0	static
stm32f0xx_tim.c:2256:6:TIM_SetIC2Prescaler	0	static
stm32f0xx_tim.c:2111:6:TIM_PWMIConfig	24	static
stm32f0xx_tim.c:2280:6:TIM_SetIC3Prescaler	0	static
stm32f0xx_tim.c:2304:6:TIM_SetIC4Prescaler	0	static
stm32f0xx_tim.c:2033:6:TIM_ICInit	24	static
stm32f0xx_tim.c:2401:6:TIM_GenerateEvent	0	static
stm32f0xx_tim.c:2439:12:TIM_GetFlagStatus	0	static
stm32f0xx_tim.c:2488:6:TIM_ClearFlag	0	static
stm32f0xx_tim.c:2523:10:TIM_GetITStatus	0	static
stm32f0xx_tim.c:2571:6:TIM_ClearITPendingBit	0	static
stm32f0xx_tim.c:2609:6:TIM_DMAConfig	0	static
stm32f0xx_tim.c:2638:6:TIM_DMACmd	0	static
stm32f0xx_tim.c:2359:6:TIM_ITConfig	8	static
stm32f0xx_tim.c:2665:6:TIM_SelectCCDMA	0	static
stm32f0xx_tim.c:2705:6:TIM_InternalClockConfig	0	static
stm32f0xx_tim.c:2725:6:TIM_ITRxExternalClockConfig	0	static
stm32f0xx_tim.c:2753:6:TIM_TIxExternalClockConfig	16	static
stm32f0xx_tim.c:2905:6:TIM_SelectInputTrigger	0	static
stm32f0xx_tim.c:2947:6:TIM_SelectOutputTrigger	0	static
stm32f0xx_tim.c:2972:6:TIM_SelectSlaveMode	0	static
stm32f0xx_tim.c:2995:6:TIM_SelectMasterSlaveMode	0	static
stm32f0xx_tim.c:3026:6:TIM_ETRConfig	8	static
stm32f0xx_tim.c:2794:6:TIM_ETRClockMode1Config	8	static
stm32f0xx_tim.c:2839:6:TIM_ETRClockMode2Config	8	static
stm32f0xx_tim.c:3082:6:TIM_EncoderInterfaceConfig	20	static
stm32f0xx_tim.c:3126:6:TIM_SelectHallSensor	0	static
stm32f0xx_tim.c:3172:6:TIM_RemapConfig	0	static
