stm32f0xx_usart.c:175:6:USART_DeInit	8	static
stm32f0xx_usart.c:236:6:USART_Init	64	static
stm32f0xx_usart.c:353:6:USART_StructInit	0	static
stm32f0xx_usart.c:376:6:USART_ClockInit	8	static
stm32f0xx_usart.c:406:6:USART_ClockStructInit	0	static
stm32f0xx_usart.c:425:6:USART_Cmd	0	static
stm32f0xx_usart.c:457:6:USART_DirectionModeCmd	0	static
stm32f0xx_usart.c:490:6:USART_OverSampling8Cmd	0	static
stm32f0xx_usart.c:519:6:USART_OneBitMethodCmd	0	static
stm32f0xx_usart.c:550:6:USART_MSBFirstCmd	0	static
stm32f0xx_usart.c:585:6:USART_DataInvCmd	0	static
stm32f0xx_usart.c:622:6:USART_InvPinCmd	0	static
stm32f0xx_usart.c:656:6:USART_SWAPPinCmd	0	static
stm32f0xx_usart.c:683:6:USART_ReceiverTimeOutCmd	0	static
stm32f0xx_usart.c:711:6:USART_SetReceiverTimeOut	0	static
stm32f0xx_usart.c:735:6:USART_SetPrescaler	0	static
stm32f0xx_usart.c:784:6:USART_STOPModeCmd	0	static
stm32f0xx_usart.c:818:6:USART_StopModeWakeUpSourceConfig	0	static
stm32f0xx_usart.c:870:6:USART_AutoBaudRateCmd	0	static
stm32f0xx_usart.c:902:6:USART_AutoBaudRateConfig	0	static
stm32f0xx_usart.c:947:6:USART_SendData	0	static
stm32f0xx_usart.c:965:10:USART_ReceiveData	0	static
stm32f0xx_usart.c:1017:6:USART_SetAddress	0	static
stm32f0xx_usart.c:1038:6:USART_MuteModeCmd	0	static
stm32f0xx_usart.c:1068:6:USART_MuteModeWakeUpConfig	0	static
stm32f0xx_usart.c:1090:6:USART_AddressDetectionConfig	0	static
stm32f0xx_usart.c:1156:6:USART_LINBreakDetectLengthConfig	0	static
stm32f0xx_usart.c:1176:6:USART_LINCmd	0	static
stm32f0xx_usart.c:1235:6:USART_HalfDuplexCmd	0	static
stm32f0xx_usart.c:1318:6:USART_SetGuardTime	0	static
stm32f0xx_usart.c:1339:6:USART_SmartCardCmd	0	static
stm32f0xx_usart.c:1366:6:USART_SmartCardNACKCmd	0	static
stm32f0xx_usart.c:1392:6:USART_SetAutoRetryCount	0	static
stm32f0xx_usart.c:1412:6:USART_SetBlockLength	0	static
stm32f0xx_usart.c:1477:6:USART_IrDAConfig	0	static
stm32f0xx_usart.c:1497:6:USART_IrDACmd	0	static
stm32f0xx_usart.c:1557:6:USART_DECmd	0	static
stm32f0xx_usart.c:1586:6:USART_DEPolarityConfig	0	static
stm32f0xx_usart.c:1606:6:USART_SetDEAssertionTime	0	static
stm32f0xx_usart.c:1628:6:USART_SetDEDeassertionTime	0	static
stm32f0xx_usart.c:1677:6:USART_DMACmd	0	static
stm32f0xx_usart.c:1712:6:USART_DMAReceptionErrorConfig	0	static
stm32f0xx_usart.c:1847:6:USART_ITConfig	8	static
stm32f0xx_usart.c:1903:6:USART_RequestCmd	0	static
stm32f0xx_usart.c:1938:6:USART_OverrunDetectionConfig	0	static
stm32f0xx_usart.c:1982:12:USART_GetFlagStatus	0	static
stm32f0xx_usart.c:2033:6:USART_ClearFlag	0	static
stm32f0xx_usart.c:2066:10:USART_GetITStatus	8	static
stm32f0xx_usart.c:2140:6:USART_ClearITPendingBit	0	static
